<!doctype html public "-//w3c//dtd html 4.0 transitional//en">
<html><head>
<title>Static Call Graph - [.\Objects\stm32l431.axf]</title></head>
<body><HR>
<H1>Static Call Graph for image .\Objects\stm32l431.axf</H1><HR>
<BR><P>#&#060CALLGRAPH&#062# ARM Linker, 5060528: Last Updated: Fri Sep 28 15:40:54 2018
<BR><P>
<H3>Maximum Stack Usage =        804 bytes + Unknown(Functions without stacksize, Untraceable Function Pointers)</H3><H3>
Call chain for Maximum Stack Depth:</H3>
main &rArr; ota_checkremote &rArr; ecdsa_verify &rArr; EccPoint_double_jacobian &rArr; vli_modSquare_fast &rArr; vli_mmod_fast &rArr; vli_sub
<P>
<H3>
Functions with no stack information
</H3><UL>
 <LI><a href="#[0]">Reset_Handler</a>
 <LI><a href="#[e7]">LOS_StartToRun</a>
 <LI><a href="#[b8]">LOS_IntLock</a>
 <LI><a href="#[18b]">LOS_IntUnLock</a>
 <LI><a href="#[b9]">LOS_IntRestore</a>
 <LI><a href="#[dc]">osTaskSchedule</a>
 <LI><a href="#[2]">osPendSV</a>
</UL>
</UL>
<P>
<H3>
Function Pointers
</H3><UL>
 <LI><a href="#[13]">EXTI0_IRQHandler</a> from stm32l4xx_it.o(i.EXTI0_IRQHandler) referenced from stm32l431.o(i.data_collection_task)
 <LI><a href="#[14]">EXTI1_IRQHandler</a> from stm32l4xx_it.o(i.EXTI1_IRQHandler) referenced from stm32l431.o(i.data_collection_task)
 <LI><a href="#[15]">EXTI2_IRQHandler</a> from stm32l4xx_it.o(i.EXTI2_IRQHandler) referenced from stm32l431.o(i.data_collection_task)
 <LI><a href="#[16]">EXTI3_IRQHandler</a> from stm32l4xx_it.o(i.EXTI3_IRQHandler) referenced from stm32l431.o(i.data_collection_task)
 <LI><a href="#[0]">Reset_Handler</a> from los_startup_keil.o(RESET) referenced 2 times from los_hwi.o(.data.vector)
 <LI><a href="#[0]">Reset_Handler</a> from los_startup_keil.o(RESET) referenced from los_startup_keil.o(RESET)
 <LI><a href="#[5]">SystemInit</a> from system_stm32l4xx.o(i.SystemInit) referenced from los_startup_keil.o(RESET)
 <LI><a href="#[c]">UART_DMAAbortOnError</a> from stm32l4xx_hal_uart.o(i.UART_DMAAbortOnError) referenced from stm32l4xx_hal_uart.o(i.HAL_UART_IRQHandler)
 <LI><a href="#[17]">USART2_IRQHandler</a> from stm32l4xx_it.o(i.USART2_IRQHandler) referenced from stm32l431.o(i.data_collection_task)
 <LI><a href="#[18]">USART3_IRQHandler</a> from stm32l4xx_it.o(i.USART3_IRQHandler) referenced from stm32l431.o(i.data_collection_task)
 <LI><a href="#[6]">__main</a> from entry.o(.ARM.Collect$$$$00000000) referenced from los_startup_keil.o(RESET)
 <LI><a href="#[9]">_sbackspace</a> from _sgetc.o(.text) referenced from __0sscanf.o(.text)
 <LI><a href="#[a]">_scanf_char_input</a> from scanf_char.o(.text) referenced from scanf_char.o(.text)
 <LI><a href="#[8]">_sgetc</a> from _sgetc.o(.text) referenced from __0sscanf.o(.text)
 <LI><a href="#[10]">_sputc</a> from printfa.o(i._sputc) referenced from printfa.o(i.__0sprintf)
 <LI><a href="#[11]">data_collection_task</a> from stm32l431.o(i.data_collection_task) referenced from stm32l431.o(i.create_data_collection_task)
 <LI><a href="#[12]">data_transfer_task</a> from stm32l431.o(i.data_transfer_task) referenced from stm32l431.o(i.create_data_transfer_task)
 <LI><a href="#[f]">fputc</a> from usart.o(i.fputc) referenced from printfa.o(i.__0printf)
 <LI><a href="#[b]">isspace</a> from isspace_c.o(.text) referenced from scanf_char.o(.text)
 <LI><a href="#[7]">main</a> from stm32l431.o(i.main) referenced from entry9a.o(.ARM.Collect$$$$0000000B)
 <LI><a href="#[1]">osHwiDefaultHandler</a> from los_hwi.o(i.osHwiDefaultHandler) referenced 16 times from los_hwi.o(.data.vector)
 <LI><a href="#[1]">osHwiDefaultHandler</a> from los_hwi.o(i.osHwiDefaultHandler) referenced from los_hwi.o(i.LOS_HwiCreate)
 <LI><a href="#[1]">osHwiDefaultHandler</a> from los_hwi.o(i.osHwiDefaultHandler) referenced from los_hwi.o(i.osHwiInit)
 <LI><a href="#[e]">osIdleTask</a> from los_task.o(i.osIdleTask) referenced from los_task.o(i.LOS_TaskCreateOnly)
 <LI><a href="#[e]">osIdleTask</a> from los_task.o(i.osIdleTask) referenced from los_task.o(i.osIdleTaskCreate)
 <LI><a href="#[d]">osInterrupt</a> from los_hwi.o(i.osInterrupt) referenced from los_hwi.o(i.LOS_HwiCreate)
 <LI><a href="#[d]">osInterrupt</a> from los_hwi.o(i.osInterrupt) referenced from los_hw_tick.o(i.osTickStart)
 <LI><a href="#[2]">osPendSV</a> from los_dispatch_keil.o(.text) referenced 2 times from los_hwi.o(.data.vector)
 <LI><a href="#[19]">osSwTmrTask</a> from los_swtmr.o(i.osSwTmrTask) referenced from los_swtmr.o(i.osSwTmrTaskCreate)
 <LI><a href="#[1d]">osTaskEntry</a> from los_task.o(i.osTaskEntry) referenced from los_hw.o(i.osTskStackInit)
 <LI><a href="#[1c]">osTaskExit</a> from los_hw.o(i.osTaskExit) referenced from los_hw.o(i.osTskStackInit)
 <LI><a href="#[1a]">osTaskSwitchCheck</a> from los_task.o(i.osTaskSwitchCheck) referenced from los_task.o(i.osTaskMonInit)
 <LI><a href="#[1b]">osTickHandler</a> from los_tick.o(i.osTickHandler) referenced from los_hw_tick.o(i.osTickStart)
 <LI><a href="#[3]">uart_data_read</a> from at.o(i.uart_data_read) referenced 2 times from at.o(.data)
 <LI><a href="#[4]">uart_data_write</a> from at.o(i.uart_data_write) referenced 2 times from at.o(.data)
</UL>
<P>
<H3>
Global Symbols
</H3>
<P><STRONG><a name="[0]"></a>Reset_Handler</STRONG> (Thumb, 0 bytes, Stack size unknown bytes, los_startup_keil.o(RESET))
<BR>[Address Reference Count : 2]<UL><LI> los_startup_keil.o(RESET)
<LI> los_hwi.o(.data.vector)
</UL>
<P><STRONG><a name="[6]"></a>__main</STRONG> (Thumb, 0 bytes, Stack size unknown bytes, entry.o(.ARM.Collect$$$$00000000))
<BR>[Address Reference Count : 1]<UL><LI> los_startup_keil.o(RESET)
</UL>
<P><STRONG><a name="[185]"></a>_main_stk</STRONG> (Thumb, 0 bytes, Stack size unknown bytes, entry3.o(.ARM.Collect$$$$00000002))

<P><STRONG><a name="[1e]"></a>_main_scatterload</STRONG> (Thumb, 0 bytes, Stack size unknown bytes, entry5.o(.ARM.Collect$$$$00000004))
<BR><BR>[Calls]<UL><LI><a href="#[1f]">&gt;&gt;</a>&nbsp;&nbsp;&nbsp;__scatterload
</UL>

<P><STRONG><a name="[37]"></a>__main_after_scatterload</STRONG> (Thumb, 0 bytes, Stack size unknown bytes, entry5.o(.ARM.Collect$$$$00000004))
<BR><BR>[Called By]<UL><LI><a href="#[1f]">&gt;&gt;</a>&nbsp;&nbsp;&nbsp;__scatterload
</UL>

<P><STRONG><a name="[186]"></a>_main_clock</STRONG> (Thumb, 0 bytes, Stack size unknown bytes, entry7b.o(.ARM.Collect$$$$00000008))

<P><STRONG><a name="[187]"></a>_main_cpp_init</STRONG> (Thumb, 0 bytes, Stack size unknown bytes, entry8b.o(.ARM.Collect$$$$0000000A))

<P><STRONG><a name="[188]"></a>_main_init</STRONG> (Thumb, 0 bytes, Stack size unknown bytes, entry9a.o(.ARM.Collect$$$$0000000B))

<P><STRONG><a name="[189]"></a>__rt_final_cpp</STRONG> (Thumb, 0 bytes, Stack size unknown bytes, entry10a.o(.ARM.Collect$$$$0000000D))

<P><STRONG><a name="[18a]"></a>__rt_final_exit</STRONG> (Thumb, 0 bytes, Stack size unknown bytes, entry11a.o(.ARM.Collect$$$$0000000F))

<P><STRONG><a name="[e7]"></a>LOS_StartToRun</STRONG> (Thumb, 0 bytes, Stack size unknown bytes, los_dispatch_keil.o(.text))
<BR><BR>[Called By]<UL><LI><a href="#[e5]">&gt;&gt;</a>&nbsp;&nbsp;&nbsp;LOS_Start
</UL>

<P><STRONG><a name="[b8]"></a>LOS_IntLock</STRONG> (Thumb, 0 bytes, Stack size unknown bytes, los_dispatch_keil.o(.text))
<BR><BR>[Called By]<UL><LI><a href="#[f1]">&gt;&gt;</a>&nbsp;&nbsp;&nbsp;LOS_TaskYield
<LI><a href="#[f4]">&gt;&gt;</a>&nbsp;&nbsp;&nbsp;LOS_TaskDelete
<LI><a href="#[d2]">&gt;&gt;</a>&nbsp;&nbsp;&nbsp;LOS_QueueCreate
<LI><a href="#[d7]">&gt;&gt;</a>&nbsp;&nbsp;&nbsp;osQueueOperate
<LI><a href="#[da]">&gt;&gt;</a>&nbsp;&nbsp;&nbsp;LOS_Schedule
<LI><a href="#[e9]">&gt;&gt;</a>&nbsp;&nbsp;&nbsp;LOS_TaskCreateOnly
<LI><a href="#[d]">&gt;&gt;</a>&nbsp;&nbsp;&nbsp;osInterrupt
<LI><a href="#[cd]">&gt;&gt;</a>&nbsp;&nbsp;&nbsp;osSlabMemFree
<LI><a href="#[c9]">&gt;&gt;</a>&nbsp;&nbsp;&nbsp;osSlabMemAlloc
<LI><a href="#[cf]">&gt;&gt;</a>&nbsp;&nbsp;&nbsp;LOS_MemInit
<LI><a href="#[ce]">&gt;&gt;</a>&nbsp;&nbsp;&nbsp;osHeapFree
<LI><a href="#[ca]">&gt;&gt;</a>&nbsp;&nbsp;&nbsp;osHeapAlloc
<LI><a href="#[de]">&gt;&gt;</a>&nbsp;&nbsp;&nbsp;osSemCreate
<LI><a href="#[f0]">&gt;&gt;</a>&nbsp;&nbsp;&nbsp;LOS_TaskDelay
<LI><a href="#[e8]">&gt;&gt;</a>&nbsp;&nbsp;&nbsp;LOS_TaskCreate
<LI><a href="#[b7]">&gt;&gt;</a>&nbsp;&nbsp;&nbsp;LOS_HwiCreate
<LI><a href="#[e2]">&gt;&gt;</a>&nbsp;&nbsp;&nbsp;LOS_SemPost
<LI><a href="#[df]">&gt;&gt;</a>&nbsp;&nbsp;&nbsp;LOS_SemPend
</UL>

<P><STRONG><a name="[18b]"></a>LOS_IntUnLock</STRONG> (Thumb, 0 bytes, Stack size unknown bytes, los_dispatch_keil.o(.text), UNUSED)

<P><STRONG><a name="[b9]"></a>LOS_IntRestore</STRONG> (Thumb, 0 bytes, Stack size unknown bytes, los_dispatch_keil.o(.text))
<BR><BR>[Called By]<UL><LI><a href="#[f1]">&gt;&gt;</a>&nbsp;&nbsp;&nbsp;LOS_TaskYield
<LI><a href="#[f4]">&gt;&gt;</a>&nbsp;&nbsp;&nbsp;LOS_TaskDelete
<LI><a href="#[d2]">&gt;&gt;</a>&nbsp;&nbsp;&nbsp;LOS_QueueCreate
<LI><a href="#[d7]">&gt;&gt;</a>&nbsp;&nbsp;&nbsp;osQueueOperate
<LI><a href="#[da]">&gt;&gt;</a>&nbsp;&nbsp;&nbsp;LOS_Schedule
<LI><a href="#[e9]">&gt;&gt;</a>&nbsp;&nbsp;&nbsp;LOS_TaskCreateOnly
<LI><a href="#[d]">&gt;&gt;</a>&nbsp;&nbsp;&nbsp;osInterrupt
<LI><a href="#[cd]">&gt;&gt;</a>&nbsp;&nbsp;&nbsp;osSlabMemFree
<LI><a href="#[c9]">&gt;&gt;</a>&nbsp;&nbsp;&nbsp;osSlabMemAlloc
<LI><a href="#[cf]">&gt;&gt;</a>&nbsp;&nbsp;&nbsp;LOS_MemInit
<LI><a href="#[ce]">&gt;&gt;</a>&nbsp;&nbsp;&nbsp;osHeapFree
<LI><a href="#[ca]">&gt;&gt;</a>&nbsp;&nbsp;&nbsp;osHeapAlloc
<LI><a href="#[de]">&gt;&gt;</a>&nbsp;&nbsp;&nbsp;osSemCreate
<LI><a href="#[f0]">&gt;&gt;</a>&nbsp;&nbsp;&nbsp;LOS_TaskDelay
<LI><a href="#[e8]">&gt;&gt;</a>&nbsp;&nbsp;&nbsp;LOS_TaskCreate
<LI><a href="#[b7]">&gt;&gt;</a>&nbsp;&nbsp;&nbsp;LOS_HwiCreate
<LI><a href="#[e2]">&gt;&gt;</a>&nbsp;&nbsp;&nbsp;LOS_SemPost
<LI><a href="#[df]">&gt;&gt;</a>&nbsp;&nbsp;&nbsp;LOS_SemPend
</UL>

<P><STRONG><a name="[dc]"></a>osTaskSchedule</STRONG> (Thumb, 0 bytes, Stack size unknown bytes, los_dispatch_keil.o(.text))
<BR><BR>[Called By]<UL><LI><a href="#[eb]">&gt;&gt;</a>&nbsp;&nbsp;&nbsp;osSchedule
<LI><a href="#[da]">&gt;&gt;</a>&nbsp;&nbsp;&nbsp;LOS_Schedule
</UL>

<P><STRONG><a name="[2]"></a>osPendSV</STRONG> (Thumb, 0 bytes, Stack size unknown bytes, los_dispatch_keil.o(.text))
<BR>[Address Reference Count : 1]<UL><LI> los_hwi.o(.data.vector)
</UL>
<P><STRONG><a name="[20]"></a>__aeabi_uldivmod</STRONG> (Thumb, 98 bytes, Stack size 40 bytes, uldiv.o(.text))
<BR><BR>[Stack]<UL><LI>Max Depth = 40<LI>Call Chain = __aeabi_uldivmod
</UL>
<BR>[Calls]<UL><LI><a href="#[21]">&gt;&gt;</a>&nbsp;&nbsp;&nbsp;__aeabi_llsr
<LI><a href="#[22]">&gt;&gt;</a>&nbsp;&nbsp;&nbsp;__aeabi_llsl
</UL>
<BR>[Called By]<UL><LI><a href="#[113]">&gt;&gt;</a>&nbsp;&nbsp;&nbsp;_printf_core
<LI><a href="#[115]">&gt;&gt;</a>&nbsp;&nbsp;&nbsp;_fp_digits
<LI><a href="#[97]">&gt;&gt;</a>&nbsp;&nbsp;&nbsp;UART_SetConfig
</UL>

<P><STRONG><a name="[45]"></a>__aeabi_memcpy</STRONG> (Thumb, 36 bytes, Stack size 0 bytes, memcpya.o(.text))
<BR><BR>[Called By]<UL><LI><a href="#[15f]">&gt;&gt;</a>&nbsp;&nbsp;&nbsp;osQueueBufferOperate
<LI><a href="#[1a]">&gt;&gt;</a>&nbsp;&nbsp;&nbsp;osTaskSwitchCheck
<LI><a href="#[14c]">&gt;&gt;</a>&nbsp;&nbsp;&nbsp;los_dev_uart_read
<LI><a href="#[ab]">&gt;&gt;</a>&nbsp;&nbsp;&nbsp;KeccakExtract1024bits
<LI><a href="#[aa]">&gt;&gt;</a>&nbsp;&nbsp;&nbsp;KeccakExtract
<LI><a href="#[10c]">&gt;&gt;</a>&nbsp;&nbsp;&nbsp;Squeeze
<LI><a href="#[3d]">&gt;&gt;</a>&nbsp;&nbsp;&nbsp;Absorb
</UL>

<P><STRONG><a name="[139]"></a>__aeabi_memcpy4</STRONG> (Thumb, 0 bytes, Stack size 0 bytes, memcpya.o(.text))
<BR><BR>[Called By]<UL><LI><a href="#[153]">&gt;&gt;</a>&nbsp;&nbsp;&nbsp;ota_checkremote
<LI><a href="#[151]">&gt;&gt;</a>&nbsp;&nbsp;&nbsp;ota_checklocal
<LI><a href="#[138]">&gt;&gt;</a>&nbsp;&nbsp;&nbsp;ecc_gen
</UL>

<P><STRONG><a name="[18c]"></a>__aeabi_memcpy8</STRONG> (Thumb, 0 bytes, Stack size 0 bytes, memcpya.o(.text), UNUSED)

<P><STRONG><a name="[24]"></a>__aeabi_memset</STRONG> (Thumb, 14 bytes, Stack size 0 bytes, memseta.o(.text))
<BR><BR>[Called By]<UL><LI><a href="#[ef]">&gt;&gt;</a>&nbsp;&nbsp;&nbsp;osTskStackInit
<LI><a href="#[25]">&gt;&gt;</a>&nbsp;&nbsp;&nbsp;_memset$wrapper
<LI><a href="#[23]">&gt;&gt;</a>&nbsp;&nbsp;&nbsp;__aeabi_memclr
</UL>

<P><STRONG><a name="[18d]"></a>__aeabi_memset4</STRONG> (Thumb, 0 bytes, Stack size 0 bytes, memseta.o(.text), UNUSED)

<P><STRONG><a name="[18e]"></a>__aeabi_memset8</STRONG> (Thumb, 0 bytes, Stack size 0 bytes, memseta.o(.text), UNUSED)

<P><STRONG><a name="[23]"></a>__aeabi_memclr</STRONG> (Thumb, 4 bytes, Stack size 0 bytes, memseta.o(.text))
<BR><BR>[Calls]<UL><LI><a href="#[24]">&gt;&gt;</a>&nbsp;&nbsp;&nbsp;__aeabi_memset
</UL>
<BR>[Called By]<UL><LI><a href="#[11e]">&gt;&gt;</a>&nbsp;&nbsp;&nbsp;at_unit
<LI><a href="#[bf]">&gt;&gt;</a>&nbsp;&nbsp;&nbsp;osTaskMonInit
<LI><a href="#[d0]">&gt;&gt;</a>&nbsp;&nbsp;&nbsp;osHeapInit
<LI><a href="#[137]">&gt;&gt;</a>&nbsp;&nbsp;&nbsp;uart_data_flush
<LI><a href="#[126]">&gt;&gt;</a>&nbsp;&nbsp;&nbsp;at_set_cdp
<LI><a href="#[123]">&gt;&gt;</a>&nbsp;&nbsp;&nbsp;at_send_coap
<LI><a href="#[14c]">&gt;&gt;</a>&nbsp;&nbsp;&nbsp;los_dev_uart_read
<LI><a href="#[a7]">&gt;&gt;</a>&nbsp;&nbsp;&nbsp;KeccakInitializeState
<LI><a href="#[10a]">&gt;&gt;</a>&nbsp;&nbsp;&nbsp;PadAndSwitchToSqueezingPhase
</UL>

<P><STRONG><a name="[a8]"></a>__aeabi_memclr4</STRONG> (Thumb, 0 bytes, Stack size 0 bytes, memseta.o(.text))
<BR><BR>[Called By]<UL><LI><a href="#[c2]">&gt;&gt;</a>&nbsp;&nbsp;&nbsp;osQueueInit
<LI><a href="#[be]">&gt;&gt;</a>&nbsp;&nbsp;&nbsp;osTaskInit
<LI><a href="#[c5]">&gt;&gt;</a>&nbsp;&nbsp;&nbsp;osIdleTaskCreate
<LI><a href="#[16c]">&gt;&gt;</a>&nbsp;&nbsp;&nbsp;osSwTmrTaskCreate
<LI><a href="#[c3]">&gt;&gt;</a>&nbsp;&nbsp;&nbsp;osSwTmrInit
<LI><a href="#[159]">&gt;&gt;</a>&nbsp;&nbsp;&nbsp;osAtomicBitsetInit
<LI><a href="#[157]">&gt;&gt;</a>&nbsp;&nbsp;&nbsp;osAlarmHeapInfo
<LI><a href="#[13c]">&gt;&gt;</a>&nbsp;&nbsp;&nbsp;ecc_valid_public_key
<LI><a href="#[138]">&gt;&gt;</a>&nbsp;&nbsp;&nbsp;ecc_gen
<LI><a href="#[10a]">&gt;&gt;</a>&nbsp;&nbsp;&nbsp;PadAndSwitchToSqueezingPhase
<LI><a href="#[a5]">&gt;&gt;</a>&nbsp;&nbsp;&nbsp;InitSponge
</UL>

<P><STRONG><a name="[18f]"></a>__aeabi_memclr8</STRONG> (Thumb, 0 bytes, Stack size 0 bytes, memseta.o(.text), UNUSED)

<P><STRONG><a name="[25]"></a>_memset$wrapper</STRONG> (Thumb, 18 bytes, Stack size 8 bytes, memseta.o(.text), UNUSED)
<BR><BR>[Calls]<UL><LI><a href="#[24]">&gt;&gt;</a>&nbsp;&nbsp;&nbsp;__aeabi_memset
</UL>

<P><STRONG><a name="[120]"></a>strstr</STRONG> (Thumb, 36 bytes, Stack size 12 bytes, strstr.o(.text))
<BR><BR>[Stack]<UL><LI>Max Depth = 12<LI>Call Chain = strstr
</UL>
<BR>[Called By]<UL><LI><a href="#[11e]">&gt;&gt;</a>&nbsp;&nbsp;&nbsp;at_unit
<LI><a href="#[136]">&gt;&gt;</a>&nbsp;&nbsp;&nbsp;gps_analysis
<LI><a href="#[121]">&gt;&gt;</a>&nbsp;&nbsp;&nbsp;at_recv_coap
<LI><a href="#[11f]">&gt;&gt;</a>&nbsp;&nbsp;&nbsp;at_reboot
</UL>

<P><STRONG><a name="[127]"></a>strlen</STRONG> (Thumb, 14 bytes, Stack size 0 bytes, strlen.o(.text))
<BR><BR>[Called By]<UL><LI><a href="#[11e]">&gt;&gt;</a>&nbsp;&nbsp;&nbsp;at_unit
<LI><a href="#[126]">&gt;&gt;</a>&nbsp;&nbsp;&nbsp;at_set_cdp
</UL>

<P><STRONG><a name="[183]"></a>memcmp</STRONG> (Thumb, 26 bytes, Stack size 12 bytes, memcmp.o(.text))
<BR><BR>[Stack]<UL><LI>Max Depth = 12<LI>Call Chain = memcmp
</UL>
<BR>[Called By]<UL><LI><a href="#[154]">&gt;&gt;</a>&nbsp;&nbsp;&nbsp;ota_download
<LI><a href="#[153]">&gt;&gt;</a>&nbsp;&nbsp;&nbsp;ota_checkremote
<LI><a href="#[151]">&gt;&gt;</a>&nbsp;&nbsp;&nbsp;ota_checklocal
</UL>

<P><STRONG><a name="[26]"></a>__0sscanf</STRONG> (Thumb, 48 bytes, Stack size 72 bytes, __0sscanf.o(.text))
<BR><BR>[Stack]<UL><LI>Max Depth = 216<LI>Call Chain = __0sscanf &rArr; __vfscanf_char &rArr; __vfscanf &rArr; _scanf_string
</UL>
<BR>[Calls]<UL><LI><a href="#[27]">&gt;&gt;</a>&nbsp;&nbsp;&nbsp;__vfscanf_char
</UL>
<BR>[Called By]<UL><LI><a href="#[121]">&gt;&gt;</a>&nbsp;&nbsp;&nbsp;at_recv_coap
<LI><a href="#[11d]">&gt;&gt;</a>&nbsp;&nbsp;&nbsp;at_get_connect
</UL>

<P><STRONG><a name="[28]"></a>_scanf_int</STRONG> (Thumb, 332 bytes, Stack size 56 bytes, _scanf_int.o(.text))
<BR><BR>[Stack]<UL><LI>Max Depth = 56<LI>Call Chain = _scanf_int
</UL>
<BR>[Calls]<UL><LI><a href="#[29]">&gt;&gt;</a>&nbsp;&nbsp;&nbsp;_chval
</UL>
<BR>[Called By]<UL><LI><a href="#[31]">&gt;&gt;</a>&nbsp;&nbsp;&nbsp;__vfscanf
</UL>

<P><STRONG><a name="[39]"></a>_scanf_string</STRONG> (Thumb, 224 bytes, Stack size 56 bytes, _scanf_str.o(.text))
<BR><BR>[Stack]<UL><LI>Max Depth = 56<LI>Call Chain = _scanf_string
</UL>
<BR>[Called By]<UL><LI><a href="#[31]">&gt;&gt;</a>&nbsp;&nbsp;&nbsp;__vfscanf
</UL>

<P><STRONG><a name="[2a]"></a>__aeabi_ddiv</STRONG> (Thumb, 222 bytes, Stack size 32 bytes, ddiv.o(.text))
<BR><BR>[Stack]<UL><LI>Max Depth = 40<LI>Call Chain = __aeabi_ddiv &rArr; _double_round
</UL>
<BR>[Calls]<UL><LI><a href="#[2b]">&gt;&gt;</a>&nbsp;&nbsp;&nbsp;_double_round
</UL>
<BR>[Called By]<UL><LI><a href="#[128]">&gt;&gt;</a>&nbsp;&nbsp;&nbsp;bh1750_convert
<LI><a href="#[115]">&gt;&gt;</a>&nbsp;&nbsp;&nbsp;_fp_digits
</UL>

<P><STRONG><a name="[2c]"></a>__aeabi_ui2d</STRONG> (Thumb, 26 bytes, Stack size 16 bytes, dfltui.o(.text))
<BR><BR>[Stack]<UL><LI>Max Depth = 56<LI>Call Chain = __aeabi_ui2d &rArr; _double_epilogue &rArr; _double_round
</UL>
<BR>[Calls]<UL><LI><a href="#[2d]">&gt;&gt;</a>&nbsp;&nbsp;&nbsp;_double_epilogue
</UL>
<BR>[Called By]<UL><LI><a href="#[128]">&gt;&gt;</a>&nbsp;&nbsp;&nbsp;bh1750_convert
</UL>

<P><STRONG><a name="[2e]"></a>__aeabi_d2ulz</STRONG> (Thumb, 48 bytes, Stack size 0 bytes, dfixul.o(.text), UNUSED)
<BR><BR>[Calls]<UL><LI><a href="#[21]">&gt;&gt;</a>&nbsp;&nbsp;&nbsp;__aeabi_llsr
<LI><a href="#[22]">&gt;&gt;</a>&nbsp;&nbsp;&nbsp;__aeabi_llsl
</UL>
<BR>[Called By]<UL><LI><a href="#[115]">&gt;&gt;</a>&nbsp;&nbsp;&nbsp;_fp_digits
</UL>

<P><STRONG><a name="[133]"></a>__aeabi_f2d</STRONG> (Thumb, 38 bytes, Stack size 0 bytes, f2d.o(.text))
<BR><BR>[Called By]<UL><LI><a href="#[11]">&gt;&gt;</a>&nbsp;&nbsp;&nbsp;data_collection_task
</UL>

<P><STRONG><a name="[2f]"></a>__aeabi_d2f</STRONG> (Thumb, 56 bytes, Stack size 8 bytes, d2f.o(.text))
<BR><BR>[Stack]<UL><LI>Max Depth = 8<LI>Call Chain = __aeabi_d2f
</UL>
<BR>[Calls]<UL><LI><a href="#[30]">&gt;&gt;</a>&nbsp;&nbsp;&nbsp;_float_round
</UL>
<BR>[Called By]<UL><LI><a href="#[128]">&gt;&gt;</a>&nbsp;&nbsp;&nbsp;bh1750_convert
</UL>

<P><STRONG><a name="[190]"></a>__aeabi_uidiv</STRONG> (Thumb, 0 bytes, Stack size 12 bytes, uidiv.o(.text), UNUSED)

<P><STRONG><a name="[119]"></a>__aeabi_uidivmod</STRONG> (Thumb, 44 bytes, Stack size 12 bytes, uidiv.o(.text), UNUSED)
<BR><BR>[Called By]<UL><LI><a href="#[113]">&gt;&gt;</a>&nbsp;&nbsp;&nbsp;_printf_core
</UL>

<P><STRONG><a name="[22]"></a>__aeabi_llsl</STRONG> (Thumb, 30 bytes, Stack size 0 bytes, llshl.o(.text))
<BR><BR>[Called By]<UL><LI><a href="#[2e]">&gt;&gt;</a>&nbsp;&nbsp;&nbsp;__aeabi_d2ulz
<LI><a href="#[2d]">&gt;&gt;</a>&nbsp;&nbsp;&nbsp;_double_epilogue
<LI><a href="#[32]">&gt;&gt;</a>&nbsp;&nbsp;&nbsp;__aeabi_dadd
<LI><a href="#[20]">&gt;&gt;</a>&nbsp;&nbsp;&nbsp;__aeabi_uldivmod
</UL>

<P><STRONG><a name="[191]"></a>_ll_shift_l</STRONG> (Thumb, 0 bytes, Stack size 0 bytes, llshl.o(.text), UNUSED)

<P><STRONG><a name="[21]"></a>__aeabi_llsr</STRONG> (Thumb, 32 bytes, Stack size 0 bytes, llushr.o(.text))
<BR><BR>[Called By]<UL><LI><a href="#[2e]">&gt;&gt;</a>&nbsp;&nbsp;&nbsp;__aeabi_d2ulz
<LI><a href="#[2d]">&gt;&gt;</a>&nbsp;&nbsp;&nbsp;_double_epilogue
<LI><a href="#[20]">&gt;&gt;</a>&nbsp;&nbsp;&nbsp;__aeabi_uldivmod
</UL>

<P><STRONG><a name="[192]"></a>_ll_ushift_r</STRONG> (Thumb, 0 bytes, Stack size 0 bytes, llushr.o(.text), UNUSED)

<P><STRONG><a name="[29]"></a>_chval</STRONG> (Thumb, 28 bytes, Stack size 0 bytes, _chval.o(.text))
<BR><BR>[Called By]<UL><LI><a href="#[28]">&gt;&gt;</a>&nbsp;&nbsp;&nbsp;_scanf_int
</UL>

<P><STRONG><a name="[27]"></a>__vfscanf_char</STRONG> (Thumb, 20 bytes, Stack size 0 bytes, scanf_char.o(.text))
<BR><BR>[Stack]<UL><LI>Max Depth = 144<LI>Call Chain = __vfscanf_char &rArr; __vfscanf &rArr; _scanf_string
</UL>
<BR>[Calls]<UL><LI><a href="#[31]">&gt;&gt;</a>&nbsp;&nbsp;&nbsp;__vfscanf
</UL>
<BR>[Called By]<UL><LI><a href="#[26]">&gt;&gt;</a>&nbsp;&nbsp;&nbsp;__0sscanf
</UL>

<P><STRONG><a name="[8]"></a>_sgetc</STRONG> (Thumb, 30 bytes, Stack size 0 bytes, _sgetc.o(.text))
<BR>[Address Reference Count : 1]<UL><LI> __0sscanf.o(.text)
</UL>
<P><STRONG><a name="[9]"></a>_sbackspace</STRONG> (Thumb, 34 bytes, Stack size 0 bytes, _sgetc.o(.text))
<BR>[Address Reference Count : 1]<UL><LI> __0sscanf.o(.text)
</UL>
<P><STRONG><a name="[193]"></a>__I$use$fp</STRONG> (Thumb, 0 bytes, Stack size 0 bytes, iusefp.o(.text), UNUSED)

<P><STRONG><a name="[30]"></a>_float_round</STRONG> (Thumb, 18 bytes, Stack size 0 bytes, fepilogue.o(.text))
<BR><BR>[Called By]<UL><LI><a href="#[2f]">&gt;&gt;</a>&nbsp;&nbsp;&nbsp;__aeabi_d2f
</UL>

<P><STRONG><a name="[194]"></a>_float_epilogue</STRONG> (Thumb, 92 bytes, Stack size 4 bytes, fepilogue.o(.text), UNUSED)

<P><STRONG><a name="[2b]"></a>_double_round</STRONG> (Thumb, 30 bytes, Stack size 8 bytes, depilogue.o(.text))
<BR><BR>[Stack]<UL><LI>Max Depth = 8<LI>Call Chain = _double_round
</UL>
<BR>[Called By]<UL><LI><a href="#[2a]">&gt;&gt;</a>&nbsp;&nbsp;&nbsp;__aeabi_ddiv
<LI><a href="#[2d]">&gt;&gt;</a>&nbsp;&nbsp;&nbsp;_double_epilogue
<LI><a href="#[32]">&gt;&gt;</a>&nbsp;&nbsp;&nbsp;__aeabi_dadd
</UL>

<P><STRONG><a name="[2d]"></a>_double_epilogue</STRONG> (Thumb, 156 bytes, Stack size 32 bytes, depilogue.o(.text))
<BR><BR>[Stack]<UL><LI>Max Depth = 40<LI>Call Chain = _double_epilogue &rArr; _double_round
</UL>
<BR>[Calls]<UL><LI><a href="#[21]">&gt;&gt;</a>&nbsp;&nbsp;&nbsp;__aeabi_llsr
<LI><a href="#[22]">&gt;&gt;</a>&nbsp;&nbsp;&nbsp;__aeabi_llsl
<LI><a href="#[2b]">&gt;&gt;</a>&nbsp;&nbsp;&nbsp;_double_round
</UL>
<BR>[Called By]<UL><LI><a href="#[2c]">&gt;&gt;</a>&nbsp;&nbsp;&nbsp;__aeabi_ui2d
<LI><a href="#[36]">&gt;&gt;</a>&nbsp;&nbsp;&nbsp;__aeabi_dmul
<LI><a href="#[32]">&gt;&gt;</a>&nbsp;&nbsp;&nbsp;__aeabi_dadd
</UL>

<P><STRONG><a name="[32]"></a>__aeabi_dadd</STRONG> (Thumb, 322 bytes, Stack size 48 bytes, dadd.o(.text), UNUSED)
<BR><BR>[Calls]<UL><LI><a href="#[33]">&gt;&gt;</a>&nbsp;&nbsp;&nbsp;__aeabi_lasr
<LI><a href="#[22]">&gt;&gt;</a>&nbsp;&nbsp;&nbsp;__aeabi_llsl
<LI><a href="#[2d]">&gt;&gt;</a>&nbsp;&nbsp;&nbsp;_double_epilogue
<LI><a href="#[2b]">&gt;&gt;</a>&nbsp;&nbsp;&nbsp;_double_round
</UL>
<BR>[Called By]<UL><LI><a href="#[35]">&gt;&gt;</a>&nbsp;&nbsp;&nbsp;__aeabi_drsub
<LI><a href="#[34]">&gt;&gt;</a>&nbsp;&nbsp;&nbsp;__aeabi_dsub
<LI><a href="#[115]">&gt;&gt;</a>&nbsp;&nbsp;&nbsp;_fp_digits
</UL>

<P><STRONG><a name="[34]"></a>__aeabi_dsub</STRONG> (Thumb, 6 bytes, Stack size 0 bytes, dadd.o(.text), UNUSED)
<BR><BR>[Calls]<UL><LI><a href="#[32]">&gt;&gt;</a>&nbsp;&nbsp;&nbsp;__aeabi_dadd
</UL>

<P><STRONG><a name="[35]"></a>__aeabi_drsub</STRONG> (Thumb, 6 bytes, Stack size 0 bytes, dadd.o(.text), UNUSED)
<BR><BR>[Calls]<UL><LI><a href="#[32]">&gt;&gt;</a>&nbsp;&nbsp;&nbsp;__aeabi_dadd
</UL>

<P><STRONG><a name="[36]"></a>__aeabi_dmul</STRONG> (Thumb, 228 bytes, Stack size 48 bytes, dmul.o(.text), UNUSED)
<BR><BR>[Calls]<UL><LI><a href="#[2d]">&gt;&gt;</a>&nbsp;&nbsp;&nbsp;_double_epilogue
</UL>
<BR>[Called By]<UL><LI><a href="#[115]">&gt;&gt;</a>&nbsp;&nbsp;&nbsp;_fp_digits
</UL>

<P><STRONG><a name="[116]"></a>__aeabi_cdrcmple</STRONG> (Thumb, 48 bytes, Stack size 0 bytes, cdrcmple.o(.text), UNUSED)
<BR><BR>[Called By]<UL><LI><a href="#[115]">&gt;&gt;</a>&nbsp;&nbsp;&nbsp;_fp_digits
</UL>

<P><STRONG><a name="[1f]"></a>__scatterload</STRONG> (Thumb, 28 bytes, Stack size 0 bytes, init.o(.text))
<BR><BR>[Calls]<UL><LI><a href="#[37]">&gt;&gt;</a>&nbsp;&nbsp;&nbsp;__main_after_scatterload
</UL>
<BR>[Called By]<UL><LI><a href="#[1e]">&gt;&gt;</a>&nbsp;&nbsp;&nbsp;_main_scatterload
</UL>

<P><STRONG><a name="[195]"></a>__scatterload_rt2</STRONG> (Thumb, 0 bytes, Stack size 0 bytes, init.o(.text), UNUSED)

<P><STRONG><a name="[33]"></a>__aeabi_lasr</STRONG> (Thumb, 36 bytes, Stack size 0 bytes, llsshr.o(.text), UNUSED)
<BR><BR>[Called By]<UL><LI><a href="#[32]">&gt;&gt;</a>&nbsp;&nbsp;&nbsp;__aeabi_dadd
</UL>

<P><STRONG><a name="[196]"></a>_ll_sshift_r</STRONG> (Thumb, 0 bytes, Stack size 0 bytes, llsshr.o(.text), UNUSED)

<P><STRONG><a name="[b]"></a>isspace</STRONG> (Thumb, 10 bytes, Stack size 0 bytes, isspace_c.o(.text))
<BR><BR>[Calls]<UL><LI><a href="#[38]">&gt;&gt;</a>&nbsp;&nbsp;&nbsp;__ctype_lookup
</UL>
<BR>[Address Reference Count : 1]<UL><LI> scanf_char.o(.text)
</UL>
<P><STRONG><a name="[31]"></a>__vfscanf</STRONG> (Thumb, 808 bytes, Stack size 88 bytes, _scanf.o(.text))
<BR><BR>[Stack]<UL><LI>Max Depth = 144<LI>Call Chain = __vfscanf &rArr; _scanf_string
</UL>
<BR>[Calls]<UL><LI><a href="#[39]">&gt;&gt;</a>&nbsp;&nbsp;&nbsp;_scanf_string
<LI><a href="#[28]">&gt;&gt;</a>&nbsp;&nbsp;&nbsp;_scanf_int
</UL>
<BR>[Called By]<UL><LI><a href="#[27]">&gt;&gt;</a>&nbsp;&nbsp;&nbsp;__vfscanf_char
</UL>

<P><STRONG><a name="[38]"></a>__ctype_lookup</STRONG> (Thumb, 34 bytes, Stack size 0 bytes, ctype_c.o(.text))
<BR><BR>[Called By]<UL><LI><a href="#[b]">&gt;&gt;</a>&nbsp;&nbsp;&nbsp;isspace
</UL>

<P><STRONG><a name="[197]"></a>__decompress</STRONG> (Thumb, 0 bytes, Stack size unknown bytes, __dczerorl2.o(.text), UNUSED)

<P><STRONG><a name="[198]"></a>__decompress1</STRONG> (Thumb, 86 bytes, Stack size unknown bytes, __dczerorl2.o(.text), UNUSED)

<P><STRONG><a name="[3a]"></a>ADC_Enable</STRONG> (Thumb, 188 bytes, Stack size 16 bytes, stm32l4xx_hal_adc.o(i.ADC_Enable))
<BR><BR>[Stack]<UL><LI>Max Depth = 24<LI>Call Chain = ADC_Enable &rArr; HAL_GetTick
</UL>
<BR>[Calls]<UL><LI><a href="#[3c]">&gt;&gt;</a>&nbsp;&nbsp;&nbsp;HAL_GetTick
<LI><a href="#[3b]">&gt;&gt;</a>&nbsp;&nbsp;&nbsp;LL_ADC_Enable
</UL>
<BR>[Called By]<UL><LI><a href="#[72]">&gt;&gt;</a>&nbsp;&nbsp;&nbsp;HAL_ADC_Start
</UL>

<P><STRONG><a name="[3d]"></a>Absorb</STRONG> (Thumb, 490 bytes, Stack size 48 bytes, crypt_sha3.o(i.Absorb))
<BR><BR>[Stack]<UL><LI>Max Depth = 332<LI>Call Chain = Absorb &rArr; AbsorbQueue &rArr; KeccakAbsorb &rArr; KeccakPermutationAfterXor &rArr; KeccakPermutation &rArr; KeccakPermutationOnWords &rArr; pi
</UL>
<BR>[Calls]<UL><LI><a href="#[45]">&gt;&gt;</a>&nbsp;&nbsp;&nbsp;__aeabi_memcpy
<LI><a href="#[3f]">&gt;&gt;</a>&nbsp;&nbsp;&nbsp;KeccakAbsorb832bits
<LI><a href="#[3e]">&gt;&gt;</a>&nbsp;&nbsp;&nbsp;KeccakAbsorb576bits
<LI><a href="#[43]">&gt;&gt;</a>&nbsp;&nbsp;&nbsp;KeccakAbsorb1344bits
<LI><a href="#[42]">&gt;&gt;</a>&nbsp;&nbsp;&nbsp;KeccakAbsorb1152bits
<LI><a href="#[41]">&gt;&gt;</a>&nbsp;&nbsp;&nbsp;KeccakAbsorb1088bits
<LI><a href="#[40]">&gt;&gt;</a>&nbsp;&nbsp;&nbsp;KeccakAbsorb1024bits
<LI><a href="#[44]">&gt;&gt;</a>&nbsp;&nbsp;&nbsp;KeccakAbsorb
<LI><a href="#[46]">&gt;&gt;</a>&nbsp;&nbsp;&nbsp;AbsorbQueue
</UL>
<BR>[Called By]<UL><LI><a href="#[13e]">&gt;&gt;</a>&nbsp;&nbsp;&nbsp;sha3_update
</UL>

<P><STRONG><a name="[46]"></a>AbsorbQueue</STRONG> (Thumb, 160 bytes, Stack size 8 bytes, crypt_sha3.o(i.AbsorbQueue))
<BR><BR>[Stack]<UL><LI>Max Depth = 284<LI>Call Chain = AbsorbQueue &rArr; KeccakAbsorb &rArr; KeccakPermutationAfterXor &rArr; KeccakPermutation &rArr; KeccakPermutationOnWords &rArr; pi
</UL>
<BR>[Calls]<UL><LI><a href="#[3f]">&gt;&gt;</a>&nbsp;&nbsp;&nbsp;KeccakAbsorb832bits
<LI><a href="#[3e]">&gt;&gt;</a>&nbsp;&nbsp;&nbsp;KeccakAbsorb576bits
<LI><a href="#[43]">&gt;&gt;</a>&nbsp;&nbsp;&nbsp;KeccakAbsorb1344bits
<LI><a href="#[42]">&gt;&gt;</a>&nbsp;&nbsp;&nbsp;KeccakAbsorb1152bits
<LI><a href="#[41]">&gt;&gt;</a>&nbsp;&nbsp;&nbsp;KeccakAbsorb1088bits
<LI><a href="#[40]">&gt;&gt;</a>&nbsp;&nbsp;&nbsp;KeccakAbsorb1024bits
<LI><a href="#[44]">&gt;&gt;</a>&nbsp;&nbsp;&nbsp;KeccakAbsorb
</UL>
<BR>[Called By]<UL><LI><a href="#[10a]">&gt;&gt;</a>&nbsp;&nbsp;&nbsp;PadAndSwitchToSqueezingPhase
<LI><a href="#[3d]">&gt;&gt;</a>&nbsp;&nbsp;&nbsp;Absorb
</UL>

<P><STRONG><a name="[47]"></a>Cmd_Write_BH1750</STRONG> (Thumb, 64 bytes, Stack size 8 bytes, bh1750.o(i.Cmd_Write_BH1750))
<BR><BR>[Stack]<UL><LI>Max Depth = 24<LI>Call Chain = Cmd_Write_BH1750 &rArr; I2C_WaitAck &rArr; I2C_Stop
</UL>
<BR>[Calls]<UL><LI><a href="#[4a]">&gt;&gt;</a>&nbsp;&nbsp;&nbsp;I2C_WaitAck
<LI><a href="#[4c]">&gt;&gt;</a>&nbsp;&nbsp;&nbsp;I2C_Stop
<LI><a href="#[48]">&gt;&gt;</a>&nbsp;&nbsp;&nbsp;I2C_Start
<LI><a href="#[49]">&gt;&gt;</a>&nbsp;&nbsp;&nbsp;I2C_SendByte
<LI><a href="#[4b]">&gt;&gt;</a>&nbsp;&nbsp;&nbsp;delay_us
<LI><a href="#[4d]">&gt;&gt;</a>&nbsp;&nbsp;&nbsp;delay_ms
</UL>
<BR>[Called By]<UL><LI><a href="#[129]">&gt;&gt;</a>&nbsp;&nbsp;&nbsp;bh1750_start
<LI><a href="#[12b]">&gt;&gt;</a>&nbsp;&nbsp;&nbsp;bh1750_init
</UL>

<P><STRONG><a name="[156]"></a>DelayInit</STRONG> (Thumb, 34 bytes, Stack size 0 bytes, delay.o(i.DelayInit))
<BR><BR>[Called By]<UL><LI><a href="#[7]">&gt;&gt;</a>&nbsp;&nbsp;&nbsp;main
</UL>

<P><STRONG><a name="[13]"></a>EXTI0_IRQHandler</STRONG> (Thumb, 10 bytes, Stack size 8 bytes, stm32l4xx_it.o(i.EXTI0_IRQHandler))
<BR><BR>[Stack]<UL><LI>Max Depth = 48<LI>Call Chain = EXTI0_IRQHandler &rArr; HAL_GPIO_EXTI_IRQHandler &rArr; HAL_GPIO_EXTI_Callback &rArr; __2printf
</UL>
<BR>[Calls]<UL><LI><a href="#[54]">&gt;&gt;</a>&nbsp;&nbsp;&nbsp;HAL_GPIO_EXTI_IRQHandler
</UL>
<BR>[Address Reference Count : 1]<UL><LI> stm32l431.o(i.data_collection_task)
</UL>
<P><STRONG><a name="[14]"></a>EXTI1_IRQHandler</STRONG> (Thumb, 10 bytes, Stack size 8 bytes, stm32l4xx_it.o(i.EXTI1_IRQHandler))
<BR><BR>[Stack]<UL><LI>Max Depth = 48<LI>Call Chain = EXTI1_IRQHandler &rArr; HAL_GPIO_EXTI_IRQHandler &rArr; HAL_GPIO_EXTI_Callback &rArr; __2printf
</UL>
<BR>[Calls]<UL><LI><a href="#[54]">&gt;&gt;</a>&nbsp;&nbsp;&nbsp;HAL_GPIO_EXTI_IRQHandler
</UL>
<BR>[Address Reference Count : 1]<UL><LI> stm32l431.o(i.data_collection_task)
</UL>
<P><STRONG><a name="[15]"></a>EXTI2_IRQHandler</STRONG> (Thumb, 10 bytes, Stack size 8 bytes, stm32l4xx_it.o(i.EXTI2_IRQHandler))
<BR><BR>[Stack]<UL><LI>Max Depth = 48<LI>Call Chain = EXTI2_IRQHandler &rArr; HAL_GPIO_EXTI_IRQHandler &rArr; HAL_GPIO_EXTI_Callback &rArr; __2printf
</UL>
<BR>[Calls]<UL><LI><a href="#[54]">&gt;&gt;</a>&nbsp;&nbsp;&nbsp;HAL_GPIO_EXTI_IRQHandler
</UL>
<BR>[Address Reference Count : 1]<UL><LI> stm32l431.o(i.data_collection_task)
</UL>
<P><STRONG><a name="[16]"></a>EXTI3_IRQHandler</STRONG> (Thumb, 10 bytes, Stack size 8 bytes, stm32l4xx_it.o(i.EXTI3_IRQHandler))
<BR><BR>[Stack]<UL><LI>Max Depth = 48<LI>Call Chain = EXTI3_IRQHandler &rArr; HAL_GPIO_EXTI_IRQHandler &rArr; HAL_GPIO_EXTI_Callback &rArr; __2printf
</UL>
<BR>[Calls]<UL><LI><a href="#[54]">&gt;&gt;</a>&nbsp;&nbsp;&nbsp;HAL_GPIO_EXTI_IRQHandler
</UL>
<BR>[Address Reference Count : 1]<UL><LI> stm32l431.o(i.data_collection_task)
</UL>
<P><STRONG><a name="[67]"></a>HAL_ADC_ConfigChannel</STRONG> (Thumb, 1296 bytes, Stack size 32 bytes, stm32l4xx_hal_adc.o(i.HAL_ADC_ConfigChannel))
<BR><BR>[Stack]<UL><LI>Max Depth = 48<LI>Call Chain = HAL_ADC_ConfigChannel &rArr; LL_ADC_SetChannelSamplingTime
</UL>
<BR>[Calls]<UL><LI><a href="#[6b]">&gt;&gt;</a>&nbsp;&nbsp;&nbsp;LL_ADC_SetOffsetState
<LI><a href="#[6d]">&gt;&gt;</a>&nbsp;&nbsp;&nbsp;LL_ADC_SetCommonPathInternalCh
<LI><a href="#[69]">&gt;&gt;</a>&nbsp;&nbsp;&nbsp;LL_ADC_SetChannelSamplingTime
<LI><a href="#[68]">&gt;&gt;</a>&nbsp;&nbsp;&nbsp;LL_ADC_REG_IsConversionOngoing
<LI><a href="#[6a]">&gt;&gt;</a>&nbsp;&nbsp;&nbsp;LL_ADC_GetOffsetChannel
<LI><a href="#[6c]">&gt;&gt;</a>&nbsp;&nbsp;&nbsp;LL_ADC_GetCommonPathInternalCh
</UL>
<BR>[Called By]<UL><LI><a href="#[f7]">&gt;&gt;</a>&nbsp;&nbsp;&nbsp;MX_ADC1_Init
</UL>

<P><STRONG><a name="[134]"></a>HAL_ADC_GetValue</STRONG> (Thumb, 8 bytes, Stack size 0 bytes, stm32l4xx_hal_adc.o(i.HAL_ADC_GetValue))
<BR><BR>[Called By]<UL><LI><a href="#[11]">&gt;&gt;</a>&nbsp;&nbsp;&nbsp;data_collection_task
</UL>

<P><STRONG><a name="[6e]"></a>HAL_ADC_Init</STRONG> (Thumb, 474 bytes, Stack size 24 bytes, stm32l4xx_hal_adc.o(i.HAL_ADC_Init))
<BR><BR>[Stack]<UL><LI>Max Depth = 76<LI>Call Chain = HAL_ADC_Init &rArr; HAL_ADC_MspInit &rArr; HAL_GPIO_Init
</UL>
<BR>[Calls]<UL><LI><a href="#[6f]">&gt;&gt;</a>&nbsp;&nbsp;&nbsp;HAL_ADC_MspInit
<LI><a href="#[68]">&gt;&gt;</a>&nbsp;&nbsp;&nbsp;LL_ADC_REG_IsConversionOngoing
<LI><a href="#[70]">&gt;&gt;</a>&nbsp;&nbsp;&nbsp;LL_ADC_IsInternalRegulatorEnabled
</UL>
<BR>[Called By]<UL><LI><a href="#[f7]">&gt;&gt;</a>&nbsp;&nbsp;&nbsp;MX_ADC1_Init
</UL>

<P><STRONG><a name="[6f]"></a>HAL_ADC_MspInit</STRONG> (Thumb, 68 bytes, Stack size 32 bytes, adc.o(i.HAL_ADC_MspInit))
<BR><BR>[Stack]<UL><LI>Max Depth = 52<LI>Call Chain = HAL_ADC_MspInit &rArr; HAL_GPIO_Init
</UL>
<BR>[Calls]<UL><LI><a href="#[4f]">&gt;&gt;</a>&nbsp;&nbsp;&nbsp;HAL_GPIO_Init
</UL>
<BR>[Called By]<UL><LI><a href="#[6e]">&gt;&gt;</a>&nbsp;&nbsp;&nbsp;HAL_ADC_Init
</UL>

<P><STRONG><a name="[71]"></a>HAL_ADC_PollForConversion</STRONG> (Thumb, 198 bytes, Stack size 24 bytes, stm32l4xx_hal_adc.o(i.HAL_ADC_PollForConversion))
<BR><BR>[Stack]<UL><LI>Max Depth = 32<LI>Call Chain = HAL_ADC_PollForConversion &rArr; HAL_GetTick
</UL>
<BR>[Calls]<UL><LI><a href="#[3c]">&gt;&gt;</a>&nbsp;&nbsp;&nbsp;HAL_GetTick
</UL>
<BR>[Called By]<UL><LI><a href="#[11]">&gt;&gt;</a>&nbsp;&nbsp;&nbsp;data_collection_task
</UL>

<P><STRONG><a name="[72]"></a>HAL_ADC_Start</STRONG> (Thumb, 160 bytes, Stack size 16 bytes, stm32l4xx_hal_adc.o(i.HAL_ADC_Start))
<BR><BR>[Stack]<UL><LI>Max Depth = 40<LI>Call Chain = HAL_ADC_Start &rArr; ADC_Enable &rArr; HAL_GetTick
</UL>
<BR>[Calls]<UL><LI><a href="#[3a]">&gt;&gt;</a>&nbsp;&nbsp;&nbsp;ADC_Enable
<LI><a href="#[73]">&gt;&gt;</a>&nbsp;&nbsp;&nbsp;LL_ADC_REG_StartConversion
<LI><a href="#[68]">&gt;&gt;</a>&nbsp;&nbsp;&nbsp;LL_ADC_REG_IsConversionOngoing
</UL>
<BR>[Called By]<UL><LI><a href="#[11]">&gt;&gt;</a>&nbsp;&nbsp;&nbsp;data_collection_task
</UL>

<P><STRONG><a name="[90]"></a>HAL_DMA_Abort_IT</STRONG> (Thumb, 88 bytes, Stack size 16 bytes, stm32l4xx_hal_dma.o(i.HAL_DMA_Abort_IT))
<BR><BR>[Stack]<UL><LI>Max Depth = 16<LI>Call Chain = HAL_DMA_Abort_IT
</UL>
<BR>[Called By]<UL><LI><a href="#[8d]">&gt;&gt;</a>&nbsp;&nbsp;&nbsp;HAL_UART_IRQHandler
</UL>

<P><STRONG><a name="[74]"></a>HAL_Delay</STRONG> (Thumb, 32 bytes, Stack size 16 bytes, stm32l4xx_hal.o(i.HAL_Delay))
<BR><BR>[Stack]<UL><LI>Max Depth = 24<LI>Call Chain = HAL_Delay &rArr; HAL_GetTick
</UL>
<BR>[Calls]<UL><LI><a href="#[3c]">&gt;&gt;</a>&nbsp;&nbsp;&nbsp;HAL_GetTick
</UL>
<BR>[Called By]<UL><LI><a href="#[132]">&gt;&gt;</a>&nbsp;&nbsp;&nbsp;dht11_read
<LI><a href="#[103]">&gt;&gt;</a>&nbsp;&nbsp;&nbsp;OLED_Init
</UL>

<P><STRONG><a name="[75]"></a>HAL_GPIO_EXTI_Callback</STRONG> (Thumb, 60 bytes, Stack size 8 bytes, stm32l4xx_it.o(i.HAL_GPIO_EXTI_Callback))
<BR><BR>[Stack]<UL><LI>Max Depth = 32<LI>Call Chain = HAL_GPIO_EXTI_Callback &rArr; __2printf
</UL>
<BR>[Calls]<UL><LI><a href="#[76]">&gt;&gt;</a>&nbsp;&nbsp;&nbsp;__2printf
</UL>
<BR>[Called By]<UL><LI><a href="#[54]">&gt;&gt;</a>&nbsp;&nbsp;&nbsp;HAL_GPIO_EXTI_IRQHandler
</UL>

<P><STRONG><a name="[54]"></a>HAL_GPIO_EXTI_IRQHandler</STRONG> (Thumb, 24 bytes, Stack size 8 bytes, stm32l4xx_hal_gpio.o(i.HAL_GPIO_EXTI_IRQHandler))
<BR><BR>[Stack]<UL><LI>Max Depth = 40<LI>Call Chain = HAL_GPIO_EXTI_IRQHandler &rArr; HAL_GPIO_EXTI_Callback &rArr; __2printf
</UL>
<BR>[Calls]<UL><LI><a href="#[75]">&gt;&gt;</a>&nbsp;&nbsp;&nbsp;HAL_GPIO_EXTI_Callback
</UL>
<BR>[Called By]<UL><LI><a href="#[16]">&gt;&gt;</a>&nbsp;&nbsp;&nbsp;EXTI3_IRQHandler
<LI><a href="#[15]">&gt;&gt;</a>&nbsp;&nbsp;&nbsp;EXTI2_IRQHandler
<LI><a href="#[14]">&gt;&gt;</a>&nbsp;&nbsp;&nbsp;EXTI1_IRQHandler
<LI><a href="#[13]">&gt;&gt;</a>&nbsp;&nbsp;&nbsp;EXTI0_IRQHandler
</UL>

<P><STRONG><a name="[4f]"></a>HAL_GPIO_Init</STRONG> (Thumb, 432 bytes, Stack size 20 bytes, stm32l4xx_hal_gpio.o(i.HAL_GPIO_Init))
<BR><BR>[Stack]<UL><LI>Max Depth = 20<LI>Call Chain = HAL_GPIO_Init
</UL>
<BR>[Called By]<UL><LI><a href="#[9f]">&gt;&gt;</a>&nbsp;&nbsp;&nbsp;I2C_InitGPIO
<LI><a href="#[78]">&gt;&gt;</a>&nbsp;&nbsp;&nbsp;HAL_I2C_MspInit
<LI><a href="#[6f]">&gt;&gt;</a>&nbsp;&nbsp;&nbsp;HAL_ADC_MspInit
<LI><a href="#[f9]">&gt;&gt;</a>&nbsp;&nbsp;&nbsp;MX_GPIO_Init
<LI><a href="#[50]">&gt;&gt;</a>&nbsp;&nbsp;&nbsp;DHT11_Mode_Out_PP
<LI><a href="#[4e]">&gt;&gt;</a>&nbsp;&nbsp;&nbsp;DHT11_Mode_IPU
<LI><a href="#[96]">&gt;&gt;</a>&nbsp;&nbsp;&nbsp;HAL_UART_MspInit
</UL>

<P><STRONG><a name="[52]"></a>HAL_GPIO_ReadPin</STRONG> (Thumb, 16 bytes, Stack size 0 bytes, stm32l4xx_hal_gpio.o(i.HAL_GPIO_ReadPin))
<BR><BR>[Called By]<UL><LI><a href="#[4a]">&gt;&gt;</a>&nbsp;&nbsp;&nbsp;I2C_WaitAck
<LI><a href="#[a1]">&gt;&gt;</a>&nbsp;&nbsp;&nbsp;I2C_ReadByte
<LI><a href="#[132]">&gt;&gt;</a>&nbsp;&nbsp;&nbsp;dht11_read
<LI><a href="#[51]">&gt;&gt;</a>&nbsp;&nbsp;&nbsp;DHT11_ReadByte
</UL>

<P><STRONG><a name="[9e]"></a>HAL_GPIO_WritePin</STRONG> (Thumb, 10 bytes, Stack size 0 bytes, stm32l4xx_hal_gpio.o(i.HAL_GPIO_WritePin))
<BR><BR>[Called By]<UL><LI><a href="#[4a]">&gt;&gt;</a>&nbsp;&nbsp;&nbsp;I2C_WaitAck
<LI><a href="#[4c]">&gt;&gt;</a>&nbsp;&nbsp;&nbsp;I2C_Stop
<LI><a href="#[48]">&gt;&gt;</a>&nbsp;&nbsp;&nbsp;I2C_Start
<LI><a href="#[49]">&gt;&gt;</a>&nbsp;&nbsp;&nbsp;I2C_SendByte
<LI><a href="#[a1]">&gt;&gt;</a>&nbsp;&nbsp;&nbsp;I2C_ReadByte
<LI><a href="#[a0]">&gt;&gt;</a>&nbsp;&nbsp;&nbsp;I2C_NAck
<LI><a href="#[9d]">&gt;&gt;</a>&nbsp;&nbsp;&nbsp;I2C_Ack
<LI><a href="#[9f]">&gt;&gt;</a>&nbsp;&nbsp;&nbsp;I2C_InitGPIO
<LI><a href="#[132]">&gt;&gt;</a>&nbsp;&nbsp;&nbsp;dht11_read
<LI><a href="#[130]">&gt;&gt;</a>&nbsp;&nbsp;&nbsp;dht11_init
<LI><a href="#[f9]">&gt;&gt;</a>&nbsp;&nbsp;&nbsp;MX_GPIO_Init
<LI><a href="#[110]">&gt;&gt;</a>&nbsp;&nbsp;&nbsp;Write_IIC_Byte
<LI><a href="#[a4]">&gt;&gt;</a>&nbsp;&nbsp;&nbsp;IIC_Wait_Ack
<LI><a href="#[a3]">&gt;&gt;</a>&nbsp;&nbsp;&nbsp;IIC_Stop
<LI><a href="#[a2]">&gt;&gt;</a>&nbsp;&nbsp;&nbsp;IIC_Start
</UL>

<P><STRONG><a name="[fb]"></a>HAL_I2CEx_ConfigAnalogFilter</STRONG> (Thumb, 106 bytes, Stack size 0 bytes, stm32l4xx_hal_i2c_ex.o(i.HAL_I2CEx_ConfigAnalogFilter))
<BR><BR>[Called By]<UL><LI><a href="#[fa]">&gt;&gt;</a>&nbsp;&nbsp;&nbsp;MX_I2C1_Init
</UL>

<P><STRONG><a name="[fc]"></a>HAL_I2CEx_ConfigDigitalFilter</STRONG> (Thumb, 106 bytes, Stack size 8 bytes, stm32l4xx_hal_i2c_ex.o(i.HAL_I2CEx_ConfigDigitalFilter))
<BR><BR>[Stack]<UL><LI>Max Depth = 8<LI>Call Chain = HAL_I2CEx_ConfigDigitalFilter
</UL>
<BR>[Called By]<UL><LI><a href="#[fa]">&gt;&gt;</a>&nbsp;&nbsp;&nbsp;MX_I2C1_Init
</UL>

<P><STRONG><a name="[77]"></a>HAL_I2C_Init</STRONG> (Thumb, 192 bytes, Stack size 8 bytes, stm32l4xx_hal_i2c.o(i.HAL_I2C_Init))
<BR><BR>[Stack]<UL><LI>Max Depth = 60<LI>Call Chain = HAL_I2C_Init &rArr; HAL_I2C_MspInit &rArr; HAL_GPIO_Init
</UL>
<BR>[Calls]<UL><LI><a href="#[78]">&gt;&gt;</a>&nbsp;&nbsp;&nbsp;HAL_I2C_MspInit
</UL>
<BR>[Called By]<UL><LI><a href="#[fa]">&gt;&gt;</a>&nbsp;&nbsp;&nbsp;MX_I2C1_Init
</UL>

<P><STRONG><a name="[78]"></a>HAL_I2C_MspInit</STRONG> (Thumb, 76 bytes, Stack size 32 bytes, i2c.o(i.HAL_I2C_MspInit))
<BR><BR>[Stack]<UL><LI>Max Depth = 52<LI>Call Chain = HAL_I2C_MspInit &rArr; HAL_GPIO_Init
</UL>
<BR>[Calls]<UL><LI><a href="#[4f]">&gt;&gt;</a>&nbsp;&nbsp;&nbsp;HAL_GPIO_Init
</UL>
<BR>[Called By]<UL><LI><a href="#[77]">&gt;&gt;</a>&nbsp;&nbsp;&nbsp;HAL_I2C_Init
</UL>

<P><STRONG><a name="[79]"></a>HAL_Init</STRONG> (Thumb, 22 bytes, Stack size 8 bytes, stm32l4xx_hal.o(i.HAL_Init))
<BR><BR>[Stack]<UL><LI>Max Depth = 72<LI>Call Chain = HAL_Init &rArr; HAL_InitTick &rArr; HAL_NVIC_SetPriority &rArr; NVIC_SetPriority
</UL>
<BR>[Calls]<UL><LI><a href="#[7c]">&gt;&gt;</a>&nbsp;&nbsp;&nbsp;HAL_MspInit
<LI><a href="#[7b]">&gt;&gt;</a>&nbsp;&nbsp;&nbsp;HAL_InitTick
<LI><a href="#[7a]">&gt;&gt;</a>&nbsp;&nbsp;&nbsp;HAL_NVIC_SetPriorityGrouping
</UL>
<BR>[Called By]<UL><LI><a href="#[7]">&gt;&gt;</a>&nbsp;&nbsp;&nbsp;main
</UL>

<P><STRONG><a name="[7b]"></a>HAL_InitTick</STRONG> (Thumb, 36 bytes, Stack size 16 bytes, stm32l4xx_hal.o(i.HAL_InitTick))
<BR><BR>[Stack]<UL><LI>Max Depth = 64<LI>Call Chain = HAL_InitTick &rArr; HAL_NVIC_SetPriority &rArr; NVIC_SetPriority
</UL>
<BR>[Calls]<UL><LI><a href="#[7e]">&gt;&gt;</a>&nbsp;&nbsp;&nbsp;HAL_NVIC_SetPriority
<LI><a href="#[7d]">&gt;&gt;</a>&nbsp;&nbsp;&nbsp;HAL_SYSTICK_Config
</UL>
<BR>[Called By]<UL><LI><a href="#[79]">&gt;&gt;</a>&nbsp;&nbsp;&nbsp;HAL_Init
<LI><a href="#[86]">&gt;&gt;</a>&nbsp;&nbsp;&nbsp;HAL_RCC_OscConfig
<LI><a href="#[81]">&gt;&gt;</a>&nbsp;&nbsp;&nbsp;HAL_RCC_ClockConfig
</UL>

<P><STRONG><a name="[7c]"></a>HAL_MspInit</STRONG> (Thumb, 2 bytes, Stack size 0 bytes, stm32l4xx_hal.o(i.HAL_MspInit))
<BR><BR>[Called By]<UL><LI><a href="#[79]">&gt;&gt;</a>&nbsp;&nbsp;&nbsp;HAL_Init
</UL>

<P><STRONG><a name="[182]"></a>HAL_PWREx_ControlVoltageScaling</STRONG> (Thumb, 128 bytes, Stack size 0 bytes, stm32l4xx_hal_pwr_ex.o(i.HAL_PWREx_ControlVoltageScaling))
<BR><BR>[Called By]<UL><LI><a href="#[155]">&gt;&gt;</a>&nbsp;&nbsp;&nbsp;SystemClock_Config
</UL>

<P><STRONG><a name="[10b]"></a>HAL_PWREx_GetVoltageRange</STRONG> (Thumb, 10 bytes, Stack size 0 bytes, stm32l4xx_hal_pwr_ex.o(i.HAL_PWREx_GetVoltageRange))
<BR><BR>[Called By]<UL><LI><a href="#[87]">&gt;&gt;</a>&nbsp;&nbsp;&nbsp;RCC_SetFlashLatencyFromMSIRange
</UL>

<P><STRONG><a name="[7f]"></a>HAL_RCCEx_PeriphCLKConfig</STRONG> (Thumb, 896 bytes, Stack size 32 bytes, stm32l4xx_hal_rcc_ex.o(i.HAL_RCCEx_PeriphCLKConfig))
<BR><BR>[Stack]<UL><LI>Max Depth = 64<LI>Call Chain = HAL_RCCEx_PeriphCLKConfig &rArr; RCCEx_PLLSAI1_Config &rArr; HAL_GetTick
</UL>
<BR>[Calls]<UL><LI><a href="#[3c]">&gt;&gt;</a>&nbsp;&nbsp;&nbsp;HAL_GetTick
<LI><a href="#[80]">&gt;&gt;</a>&nbsp;&nbsp;&nbsp;RCCEx_PLLSAI1_Config
</UL>
<BR>[Called By]<UL><LI><a href="#[155]">&gt;&gt;</a>&nbsp;&nbsp;&nbsp;SystemClock_Config
</UL>

<P><STRONG><a name="[81]"></a>HAL_RCC_ClockConfig</STRONG> (Thumb, 458 bytes, Stack size 16 bytes, stm32l4xx_hal_rcc.o(i.HAL_RCC_ClockConfig))
<BR><BR>[Stack]<UL><LI>Max Depth = 80<LI>Call Chain = HAL_RCC_ClockConfig &rArr; HAL_InitTick &rArr; HAL_NVIC_SetPriority &rArr; NVIC_SetPriority
</UL>
<BR>[Calls]<UL><LI><a href="#[3c]">&gt;&gt;</a>&nbsp;&nbsp;&nbsp;HAL_GetTick
<LI><a href="#[7b]">&gt;&gt;</a>&nbsp;&nbsp;&nbsp;HAL_InitTick
<LI><a href="#[82]">&gt;&gt;</a>&nbsp;&nbsp;&nbsp;HAL_RCC_GetSysClockFreq
</UL>
<BR>[Called By]<UL><LI><a href="#[155]">&gt;&gt;</a>&nbsp;&nbsp;&nbsp;SystemClock_Config
</UL>

<P><STRONG><a name="[84]"></a>HAL_RCC_GetHCLKFreq</STRONG> (Thumb, 6 bytes, Stack size 0 bytes, stm32l4xx_hal_rcc.o(i.HAL_RCC_GetHCLKFreq))
<BR><BR>[Called By]<UL><LI><a href="#[85]">&gt;&gt;</a>&nbsp;&nbsp;&nbsp;HAL_RCC_GetPCLK2Freq
<LI><a href="#[83]">&gt;&gt;</a>&nbsp;&nbsp;&nbsp;HAL_RCC_GetPCLK1Freq
</UL>

<P><STRONG><a name="[83]"></a>HAL_RCC_GetPCLK1Freq</STRONG> (Thumb, 22 bytes, Stack size 4 bytes, stm32l4xx_hal_rcc.o(i.HAL_RCC_GetPCLK1Freq))
<BR><BR>[Stack]<UL><LI>Max Depth = 4<LI>Call Chain = HAL_RCC_GetPCLK1Freq
</UL>
<BR>[Calls]<UL><LI><a href="#[84]">&gt;&gt;</a>&nbsp;&nbsp;&nbsp;HAL_RCC_GetHCLKFreq
</UL>
<BR>[Called By]<UL><LI><a href="#[97]">&gt;&gt;</a>&nbsp;&nbsp;&nbsp;UART_SetConfig
</UL>

<P><STRONG><a name="[85]"></a>HAL_RCC_GetPCLK2Freq</STRONG> (Thumb, 22 bytes, Stack size 4 bytes, stm32l4xx_hal_rcc.o(i.HAL_RCC_GetPCLK2Freq))
<BR><BR>[Stack]<UL><LI>Max Depth = 4<LI>Call Chain = HAL_RCC_GetPCLK2Freq
</UL>
<BR>[Calls]<UL><LI><a href="#[84]">&gt;&gt;</a>&nbsp;&nbsp;&nbsp;HAL_RCC_GetHCLKFreq
</UL>
<BR>[Called By]<UL><LI><a href="#[97]">&gt;&gt;</a>&nbsp;&nbsp;&nbsp;UART_SetConfig
</UL>

<P><STRONG><a name="[82]"></a>HAL_RCC_GetSysClockFreq</STRONG> (Thumb, 252 bytes, Stack size 20 bytes, stm32l4xx_hal_rcc.o(i.HAL_RCC_GetSysClockFreq))
<BR><BR>[Stack]<UL><LI>Max Depth = 20<LI>Call Chain = HAL_RCC_GetSysClockFreq
</UL>
<BR>[Called By]<UL><LI><a href="#[86]">&gt;&gt;</a>&nbsp;&nbsp;&nbsp;HAL_RCC_OscConfig
<LI><a href="#[81]">&gt;&gt;</a>&nbsp;&nbsp;&nbsp;HAL_RCC_ClockConfig
<LI><a href="#[97]">&gt;&gt;</a>&nbsp;&nbsp;&nbsp;UART_SetConfig
</UL>

<P><STRONG><a name="[86]"></a>HAL_RCC_OscConfig</STRONG> (Thumb, 1672 bytes, Stack size 24 bytes, stm32l4xx_hal_rcc.o(i.HAL_RCC_OscConfig))
<BR><BR>[Stack]<UL><LI>Max Depth = 88<LI>Call Chain = HAL_RCC_OscConfig &rArr; HAL_InitTick &rArr; HAL_NVIC_SetPriority &rArr; NVIC_SetPriority
</UL>
<BR>[Calls]<UL><LI><a href="#[3c]">&gt;&gt;</a>&nbsp;&nbsp;&nbsp;HAL_GetTick
<LI><a href="#[7b]">&gt;&gt;</a>&nbsp;&nbsp;&nbsp;HAL_InitTick
<LI><a href="#[82]">&gt;&gt;</a>&nbsp;&nbsp;&nbsp;HAL_RCC_GetSysClockFreq
<LI><a href="#[87]">&gt;&gt;</a>&nbsp;&nbsp;&nbsp;RCC_SetFlashLatencyFromMSIRange
</UL>
<BR>[Called By]<UL><LI><a href="#[155]">&gt;&gt;</a>&nbsp;&nbsp;&nbsp;SystemClock_Config
</UL>

<P><STRONG><a name="[88]"></a>HAL_RNG_DeInit</STRONG> (Thumb, 54 bytes, Stack size 8 bytes, stm32l4xx_hal_rng.o(i.HAL_RNG_DeInit))
<BR><BR>[Stack]<UL><LI>Max Depth = 8<LI>Call Chain = HAL_RNG_DeInit
</UL>
<BR>[Calls]<UL><LI><a href="#[89]">&gt;&gt;</a>&nbsp;&nbsp;&nbsp;HAL_RNG_MspDeInit
</UL>
<BR>[Called By]<UL><LI><a href="#[138]">&gt;&gt;</a>&nbsp;&nbsp;&nbsp;ecc_gen
</UL>

<P><STRONG><a name="[8a]"></a>HAL_RNG_GenerateRandomNumber</STRONG> (Thumb, 118 bytes, Stack size 24 bytes, stm32l4xx_hal_rng.o(i.HAL_RNG_GenerateRandomNumber))
<BR><BR>[Stack]<UL><LI>Max Depth = 32<LI>Call Chain = HAL_RNG_GenerateRandomNumber &rArr; HAL_GetTick
</UL>
<BR>[Calls]<UL><LI><a href="#[3c]">&gt;&gt;</a>&nbsp;&nbsp;&nbsp;HAL_GetTick
</UL>
<BR>[Called By]<UL><LI><a href="#[138]">&gt;&gt;</a>&nbsp;&nbsp;&nbsp;ecc_gen
</UL>

<P><STRONG><a name="[8b]"></a>HAL_RNG_Init</STRONG> (Thumb, 48 bytes, Stack size 8 bytes, stm32l4xx_hal_rng.o(i.HAL_RNG_Init))
<BR><BR>[Stack]<UL><LI>Max Depth = 8<LI>Call Chain = HAL_RNG_Init
</UL>
<BR>[Calls]<UL><LI><a href="#[8c]">&gt;&gt;</a>&nbsp;&nbsp;&nbsp;HAL_RNG_MspInit
</UL>
<BR>[Called By]<UL><LI><a href="#[138]">&gt;&gt;</a>&nbsp;&nbsp;&nbsp;ecc_gen
</UL>

<P><STRONG><a name="[89]"></a>HAL_RNG_MspDeInit</STRONG> (Thumb, 2 bytes, Stack size 0 bytes, stm32l4xx_hal_rng.o(i.HAL_RNG_MspDeInit))
<BR><BR>[Called By]<UL><LI><a href="#[88]">&gt;&gt;</a>&nbsp;&nbsp;&nbsp;HAL_RNG_DeInit
</UL>

<P><STRONG><a name="[8c]"></a>HAL_RNG_MspInit</STRONG> (Thumb, 2 bytes, Stack size 0 bytes, stm32l4xx_hal_rng.o(i.HAL_RNG_MspInit))
<BR><BR>[Called By]<UL><LI><a href="#[8b]">&gt;&gt;</a>&nbsp;&nbsp;&nbsp;HAL_RNG_Init
</UL>

<P><STRONG><a name="[92]"></a>HAL_UARTEx_WakeupCallback</STRONG> (Thumb, 2 bytes, Stack size 0 bytes, stm32l4xx_hal_uart_ex.o(i.HAL_UARTEx_WakeupCallback))
<BR><BR>[Called By]<UL><LI><a href="#[8d]">&gt;&gt;</a>&nbsp;&nbsp;&nbsp;HAL_UART_IRQHandler
</UL>

<P><STRONG><a name="[91]"></a>HAL_UART_ErrorCallback</STRONG> (Thumb, 2 bytes, Stack size 0 bytes, stm32l4xx_hal_uart.o(i.HAL_UART_ErrorCallback))
<BR><BR>[Called By]<UL><LI><a href="#[8d]">&gt;&gt;</a>&nbsp;&nbsp;&nbsp;HAL_UART_IRQHandler
<LI><a href="#[c]">&gt;&gt;</a>&nbsp;&nbsp;&nbsp;UART_DMAAbortOnError
</UL>

<P><STRONG><a name="[8d]"></a>HAL_UART_IRQHandler</STRONG> (Thumb, 394 bytes, Stack size 24 bytes, stm32l4xx_hal_uart.o(i.HAL_UART_IRQHandler))
<BR><BR>[Stack]<UL><LI>Max Depth = 48<LI>Call Chain = HAL_UART_IRQHandler &rArr; UART_Receive_IT
</UL>
<BR>[Calls]<UL><LI><a href="#[93]">&gt;&gt;</a>&nbsp;&nbsp;&nbsp;UART_Transmit_IT
<LI><a href="#[94]">&gt;&gt;</a>&nbsp;&nbsp;&nbsp;UART_EndTransmit_IT
<LI><a href="#[91]">&gt;&gt;</a>&nbsp;&nbsp;&nbsp;HAL_UART_ErrorCallback
<LI><a href="#[92]">&gt;&gt;</a>&nbsp;&nbsp;&nbsp;HAL_UARTEx_WakeupCallback
<LI><a href="#[90]">&gt;&gt;</a>&nbsp;&nbsp;&nbsp;HAL_DMA_Abort_IT
<LI><a href="#[8e]">&gt;&gt;</a>&nbsp;&nbsp;&nbsp;UART_Receive_IT
<LI><a href="#[8f]">&gt;&gt;</a>&nbsp;&nbsp;&nbsp;UART_EndRxTransfer
</UL>
<BR>[Called By]<UL><LI><a href="#[18]">&gt;&gt;</a>&nbsp;&nbsp;&nbsp;USART3_IRQHandler
</UL>

<P><STRONG><a name="[95]"></a>HAL_UART_Init</STRONG> (Thumb, 120 bytes, Stack size 8 bytes, stm32l4xx_hal_uart.o(i.HAL_UART_Init))
<BR><BR>[Stack]<UL><LI>Max Depth = 88<LI>Call Chain = HAL_UART_Init &rArr; HAL_UART_MspInit &rArr; HAL_NVIC_SetPriority &rArr; NVIC_SetPriority
</UL>
<BR>[Calls]<UL><LI><a href="#[96]">&gt;&gt;</a>&nbsp;&nbsp;&nbsp;HAL_UART_MspInit
<LI><a href="#[97]">&gt;&gt;</a>&nbsp;&nbsp;&nbsp;UART_SetConfig
<LI><a href="#[99]">&gt;&gt;</a>&nbsp;&nbsp;&nbsp;UART_CheckIdleState
<LI><a href="#[98]">&gt;&gt;</a>&nbsp;&nbsp;&nbsp;UART_AdvFeatureConfig
</UL>
<BR>[Called By]<UL><LI><a href="#[131]">&gt;&gt;</a>&nbsp;&nbsp;&nbsp;los_dev_uart_init
<LI><a href="#[fe]">&gt;&gt;</a>&nbsp;&nbsp;&nbsp;MX_USART3_UART_Init
<LI><a href="#[fd]">&gt;&gt;</a>&nbsp;&nbsp;&nbsp;MX_USART1_UART_Init
</UL>

<P><STRONG><a name="[96]"></a>HAL_UART_MspInit</STRONG> (Thumb, 262 bytes, Stack size 32 bytes, usart.o(i.HAL_UART_MspInit))
<BR><BR>[Stack]<UL><LI>Max Depth = 80<LI>Call Chain = HAL_UART_MspInit &rArr; HAL_NVIC_SetPriority &rArr; NVIC_SetPriority
</UL>
<BR>[Calls]<UL><LI><a href="#[7e]">&gt;&gt;</a>&nbsp;&nbsp;&nbsp;HAL_NVIC_SetPriority
<LI><a href="#[9a]">&gt;&gt;</a>&nbsp;&nbsp;&nbsp;HAL_NVIC_EnableIRQ
<LI><a href="#[4f]">&gt;&gt;</a>&nbsp;&nbsp;&nbsp;HAL_GPIO_Init
</UL>
<BR>[Called By]<UL><LI><a href="#[95]">&gt;&gt;</a>&nbsp;&nbsp;&nbsp;HAL_UART_Init
</UL>

<P><STRONG><a name="[135]"></a>HAL_UART_Receive_IT</STRONG> (Thumb, 188 bytes, Stack size 8 bytes, stm32l4xx_hal_uart.o(i.HAL_UART_Receive_IT))
<BR><BR>[Stack]<UL><LI>Max Depth = 8<LI>Call Chain = HAL_UART_Receive_IT
</UL>
<BR>[Called By]<UL><LI><a href="#[11]">&gt;&gt;</a>&nbsp;&nbsp;&nbsp;data_collection_task
</UL>

<P><STRONG><a name="[10e]"></a>HAL_UART_RxCpltCallback</STRONG> (Thumb, 2 bytes, Stack size 0 bytes, stm32l4xx_hal_uart.o(i.HAL_UART_RxCpltCallback))
<BR><BR>[Called By]<UL><LI><a href="#[8e]">&gt;&gt;</a>&nbsp;&nbsp;&nbsp;UART_Receive_IT
</UL>

<P><STRONG><a name="[9b]"></a>HAL_UART_Transmit</STRONG> (Thumb, 240 bytes, Stack size 32 bytes, stm32l4xx_hal_uart.o(i.HAL_UART_Transmit))
<BR><BR>[Stack]<UL><LI>Max Depth = 64<LI>Call Chain = HAL_UART_Transmit &rArr; UART_WaitOnFlagUntilTimeout &rArr; HAL_GetTick
</UL>
<BR>[Calls]<UL><LI><a href="#[3c]">&gt;&gt;</a>&nbsp;&nbsp;&nbsp;HAL_GetTick
<LI><a href="#[9c]">&gt;&gt;</a>&nbsp;&nbsp;&nbsp;UART_WaitOnFlagUntilTimeout
</UL>
<BR>[Called By]<UL><LI><a href="#[f]">&gt;&gt;</a>&nbsp;&nbsp;&nbsp;fputc
</UL>

<P><STRONG><a name="[14f]"></a>HAL_UART_Transmit_IT</STRONG> (Thumb, 116 bytes, Stack size 8 bytes, stm32l4xx_hal_uart.o(i.HAL_UART_Transmit_IT))
<BR><BR>[Stack]<UL><LI>Max Depth = 8<LI>Call Chain = HAL_UART_Transmit_IT
</UL>
<BR>[Called By]<UL><LI><a href="#[14e]">&gt;&gt;</a>&nbsp;&nbsp;&nbsp;los_dev_uart_write
</UL>

<P><STRONG><a name="[10d]"></a>HAL_UART_TxCpltCallback</STRONG> (Thumb, 2 bytes, Stack size 0 bytes, stm32l4xx_hal_uart.o(i.HAL_UART_TxCpltCallback))
<BR><BR>[Called By]<UL><LI><a href="#[94]">&gt;&gt;</a>&nbsp;&nbsp;&nbsp;UART_EndTransmit_IT
</UL>

<P><STRONG><a name="[9d]"></a>I2C_Ack</STRONG> (Thumb, 84 bytes, Stack size 8 bytes, bh1750.o(i.I2C_Ack))
<BR><BR>[Stack]<UL><LI>Max Depth = 8<LI>Call Chain = I2C_Ack
</UL>
<BR>[Calls]<UL><LI><a href="#[9e]">&gt;&gt;</a>&nbsp;&nbsp;&nbsp;HAL_GPIO_WritePin
<LI><a href="#[4b]">&gt;&gt;</a>&nbsp;&nbsp;&nbsp;delay_us
</UL>
<BR>[Called By]<UL><LI><a href="#[a1]">&gt;&gt;</a>&nbsp;&nbsp;&nbsp;I2C_ReadByte
</UL>

<P><STRONG><a name="[a0]"></a>I2C_NAck</STRONG> (Thumb, 82 bytes, Stack size 8 bytes, bh1750.o(i.I2C_NAck))
<BR><BR>[Stack]<UL><LI>Max Depth = 8<LI>Call Chain = I2C_NAck
</UL>
<BR>[Calls]<UL><LI><a href="#[9e]">&gt;&gt;</a>&nbsp;&nbsp;&nbsp;HAL_GPIO_WritePin
<LI><a href="#[4b]">&gt;&gt;</a>&nbsp;&nbsp;&nbsp;delay_us
</UL>
<BR>[Called By]<UL><LI><a href="#[a1]">&gt;&gt;</a>&nbsp;&nbsp;&nbsp;I2C_ReadByte
</UL>

<P><STRONG><a name="[a1]"></a>I2C_ReadByte</STRONG> (Thumb, 106 bytes, Stack size 16 bytes, bh1750.o(i.I2C_ReadByte))
<BR><BR>[Stack]<UL><LI>Max Depth = 24<LI>Call Chain = I2C_ReadByte &rArr; I2C_NAck
</UL>
<BR>[Calls]<UL><LI><a href="#[a0]">&gt;&gt;</a>&nbsp;&nbsp;&nbsp;I2C_NAck
<LI><a href="#[9d]">&gt;&gt;</a>&nbsp;&nbsp;&nbsp;I2C_Ack
<LI><a href="#[9e]">&gt;&gt;</a>&nbsp;&nbsp;&nbsp;HAL_GPIO_WritePin
<LI><a href="#[4b]">&gt;&gt;</a>&nbsp;&nbsp;&nbsp;delay_us
<LI><a href="#[52]">&gt;&gt;</a>&nbsp;&nbsp;&nbsp;HAL_GPIO_ReadPin
</UL>
<BR>[Called By]<UL><LI><a href="#[12a]">&gt;&gt;</a>&nbsp;&nbsp;&nbsp;bh1750_read
</UL>

<P><STRONG><a name="[49]"></a>I2C_SendByte</STRONG> (Thumb, 124 bytes, Stack size 16 bytes, bh1750.o(i.I2C_SendByte))
<BR><BR>[Stack]<UL><LI>Max Depth = 16<LI>Call Chain = I2C_SendByte
</UL>
<BR>[Calls]<UL><LI><a href="#[9e]">&gt;&gt;</a>&nbsp;&nbsp;&nbsp;HAL_GPIO_WritePin
<LI><a href="#[4b]">&gt;&gt;</a>&nbsp;&nbsp;&nbsp;delay_us
</UL>
<BR>[Called By]<UL><LI><a href="#[12a]">&gt;&gt;</a>&nbsp;&nbsp;&nbsp;bh1750_read
<LI><a href="#[47]">&gt;&gt;</a>&nbsp;&nbsp;&nbsp;Cmd_Write_BH1750
</UL>

<P><STRONG><a name="[48]"></a>I2C_Start</STRONG> (Thumb, 82 bytes, Stack size 8 bytes, bh1750.o(i.I2C_Start))
<BR><BR>[Stack]<UL><LI>Max Depth = 8<LI>Call Chain = I2C_Start
</UL>
<BR>[Calls]<UL><LI><a href="#[9e]">&gt;&gt;</a>&nbsp;&nbsp;&nbsp;HAL_GPIO_WritePin
<LI><a href="#[4b]">&gt;&gt;</a>&nbsp;&nbsp;&nbsp;delay_us
</UL>
<BR>[Called By]<UL><LI><a href="#[12a]">&gt;&gt;</a>&nbsp;&nbsp;&nbsp;bh1750_read
<LI><a href="#[47]">&gt;&gt;</a>&nbsp;&nbsp;&nbsp;Cmd_Write_BH1750
</UL>

<P><STRONG><a name="[4c]"></a>I2C_Stop</STRONG> (Thumb, 82 bytes, Stack size 8 bytes, bh1750.o(i.I2C_Stop))
<BR><BR>[Stack]<UL><LI>Max Depth = 8<LI>Call Chain = I2C_Stop
</UL>
<BR>[Calls]<UL><LI><a href="#[9e]">&gt;&gt;</a>&nbsp;&nbsp;&nbsp;HAL_GPIO_WritePin
<LI><a href="#[4b]">&gt;&gt;</a>&nbsp;&nbsp;&nbsp;delay_us
</UL>
<BR>[Called By]<UL><LI><a href="#[12a]">&gt;&gt;</a>&nbsp;&nbsp;&nbsp;bh1750_read
<LI><a href="#[4a]">&gt;&gt;</a>&nbsp;&nbsp;&nbsp;I2C_WaitAck
<LI><a href="#[47]">&gt;&gt;</a>&nbsp;&nbsp;&nbsp;Cmd_Write_BH1750
</UL>

<P><STRONG><a name="[4a]"></a>I2C_WaitAck</STRONG> (Thumb, 102 bytes, Stack size 8 bytes, bh1750.o(i.I2C_WaitAck))
<BR><BR>[Stack]<UL><LI>Max Depth = 16<LI>Call Chain = I2C_WaitAck &rArr; I2C_Stop
</UL>
<BR>[Calls]<UL><LI><a href="#[4c]">&gt;&gt;</a>&nbsp;&nbsp;&nbsp;I2C_Stop
<LI><a href="#[9e]">&gt;&gt;</a>&nbsp;&nbsp;&nbsp;HAL_GPIO_WritePin
<LI><a href="#[4b]">&gt;&gt;</a>&nbsp;&nbsp;&nbsp;delay_us
<LI><a href="#[52]">&gt;&gt;</a>&nbsp;&nbsp;&nbsp;HAL_GPIO_ReadPin
</UL>
<BR>[Called By]<UL><LI><a href="#[12a]">&gt;&gt;</a>&nbsp;&nbsp;&nbsp;bh1750_read
<LI><a href="#[47]">&gt;&gt;</a>&nbsp;&nbsp;&nbsp;Cmd_Write_BH1750
</UL>

<P><STRONG><a name="[a2]"></a>IIC_Start</STRONG> (Thumb, 48 bytes, Stack size 8 bytes, oled.o(i.IIC_Start))
<BR><BR>[Stack]<UL><LI>Max Depth = 8<LI>Call Chain = IIC_Start
</UL>
<BR>[Calls]<UL><LI><a href="#[9e]">&gt;&gt;</a>&nbsp;&nbsp;&nbsp;HAL_GPIO_WritePin
</UL>
<BR>[Called By]<UL><LI><a href="#[108]">&gt;&gt;</a>&nbsp;&nbsp;&nbsp;Write_IIC_Data
<LI><a href="#[109]">&gt;&gt;</a>&nbsp;&nbsp;&nbsp;Write_IIC_Command
</UL>

<P><STRONG><a name="[a3]"></a>IIC_Stop</STRONG> (Thumb, 36 bytes, Stack size 8 bytes, oled.o(i.IIC_Stop))
<BR><BR>[Stack]<UL><LI>Max Depth = 8<LI>Call Chain = IIC_Stop
</UL>
<BR>[Calls]<UL><LI><a href="#[9e]">&gt;&gt;</a>&nbsp;&nbsp;&nbsp;HAL_GPIO_WritePin
</UL>
<BR>[Called By]<UL><LI><a href="#[108]">&gt;&gt;</a>&nbsp;&nbsp;&nbsp;Write_IIC_Data
<LI><a href="#[109]">&gt;&gt;</a>&nbsp;&nbsp;&nbsp;Write_IIC_Command
</UL>

<P><STRONG><a name="[a4]"></a>IIC_Wait_Ack</STRONG> (Thumb, 26 bytes, Stack size 8 bytes, oled.o(i.IIC_Wait_Ack))
<BR><BR>[Stack]<UL><LI>Max Depth = 8<LI>Call Chain = IIC_Wait_Ack
</UL>
<BR>[Calls]<UL><LI><a href="#[9e]">&gt;&gt;</a>&nbsp;&nbsp;&nbsp;HAL_GPIO_WritePin
</UL>
<BR>[Called By]<UL><LI><a href="#[108]">&gt;&gt;</a>&nbsp;&nbsp;&nbsp;Write_IIC_Data
<LI><a href="#[109]">&gt;&gt;</a>&nbsp;&nbsp;&nbsp;Write_IIC_Command
</UL>

<P><STRONG><a name="[a5]"></a>InitSponge</STRONG> (Thumb, 90 bytes, Stack size 16 bytes, crypt_sha3.o(i.InitSponge))
<BR><BR>[Stack]<UL><LI>Max Depth = 76<LI>Call Chain = InitSponge &rArr; KeccakInitialize &rArr; KeccakInitializeRoundConstants &rArr; _rol
</UL>
<BR>[Calls]<UL><LI><a href="#[a8]">&gt;&gt;</a>&nbsp;&nbsp;&nbsp;__aeabi_memclr4
<LI><a href="#[a7]">&gt;&gt;</a>&nbsp;&nbsp;&nbsp;KeccakInitializeState
<LI><a href="#[a6]">&gt;&gt;</a>&nbsp;&nbsp;&nbsp;KeccakInitialize
</UL>
<BR>[Called By]<UL><LI><a href="#[13d]">&gt;&gt;</a>&nbsp;&nbsp;&nbsp;sha3_init
</UL>

<P><STRONG><a name="[44]"></a>KeccakAbsorb</STRONG> (Thumb, 20 bytes, Stack size 16 bytes, keccakf-1600-reference.o(i.KeccakAbsorb))
<BR><BR>[Stack]<UL><LI>Max Depth = 276<LI>Call Chain = KeccakAbsorb &rArr; KeccakPermutationAfterXor &rArr; KeccakPermutation &rArr; KeccakPermutationOnWords &rArr; pi
</UL>
<BR>[Calls]<UL><LI><a href="#[a9]">&gt;&gt;</a>&nbsp;&nbsp;&nbsp;KeccakPermutationAfterXor
</UL>
<BR>[Called By]<UL><LI><a href="#[46]">&gt;&gt;</a>&nbsp;&nbsp;&nbsp;AbsorbQueue
<LI><a href="#[3d]">&gt;&gt;</a>&nbsp;&nbsp;&nbsp;Absorb
</UL>

<P><STRONG><a name="[40]"></a>KeccakAbsorb1024bits</STRONG> (Thumb, 18 bytes, Stack size 12 bytes, keccakf-1600-reference.o(i.KeccakAbsorb1024bits))
<BR><BR>[Stack]<UL><LI>Max Depth = 272<LI>Call Chain = KeccakAbsorb1024bits &rArr; KeccakPermutationAfterXor &rArr; KeccakPermutation &rArr; KeccakPermutationOnWords &rArr; pi
</UL>
<BR>[Calls]<UL><LI><a href="#[a9]">&gt;&gt;</a>&nbsp;&nbsp;&nbsp;KeccakPermutationAfterXor
</UL>
<BR>[Called By]<UL><LI><a href="#[46]">&gt;&gt;</a>&nbsp;&nbsp;&nbsp;AbsorbQueue
<LI><a href="#[3d]">&gt;&gt;</a>&nbsp;&nbsp;&nbsp;Absorb
</UL>

<P><STRONG><a name="[41]"></a>KeccakAbsorb1088bits</STRONG> (Thumb, 18 bytes, Stack size 12 bytes, keccakf-1600-reference.o(i.KeccakAbsorb1088bits))
<BR><BR>[Stack]<UL><LI>Max Depth = 272<LI>Call Chain = KeccakAbsorb1088bits &rArr; KeccakPermutationAfterXor &rArr; KeccakPermutation &rArr; KeccakPermutationOnWords &rArr; pi
</UL>
<BR>[Calls]<UL><LI><a href="#[a9]">&gt;&gt;</a>&nbsp;&nbsp;&nbsp;KeccakPermutationAfterXor
</UL>
<BR>[Called By]<UL><LI><a href="#[46]">&gt;&gt;</a>&nbsp;&nbsp;&nbsp;AbsorbQueue
<LI><a href="#[3d]">&gt;&gt;</a>&nbsp;&nbsp;&nbsp;Absorb
</UL>

<P><STRONG><a name="[42]"></a>KeccakAbsorb1152bits</STRONG> (Thumb, 18 bytes, Stack size 12 bytes, keccakf-1600-reference.o(i.KeccakAbsorb1152bits))
<BR><BR>[Stack]<UL><LI>Max Depth = 272<LI>Call Chain = KeccakAbsorb1152bits &rArr; KeccakPermutationAfterXor &rArr; KeccakPermutation &rArr; KeccakPermutationOnWords &rArr; pi
</UL>
<BR>[Calls]<UL><LI><a href="#[a9]">&gt;&gt;</a>&nbsp;&nbsp;&nbsp;KeccakPermutationAfterXor
</UL>
<BR>[Called By]<UL><LI><a href="#[46]">&gt;&gt;</a>&nbsp;&nbsp;&nbsp;AbsorbQueue
<LI><a href="#[3d]">&gt;&gt;</a>&nbsp;&nbsp;&nbsp;Absorb
</UL>

<P><STRONG><a name="[43]"></a>KeccakAbsorb1344bits</STRONG> (Thumb, 18 bytes, Stack size 12 bytes, keccakf-1600-reference.o(i.KeccakAbsorb1344bits))
<BR><BR>[Stack]<UL><LI>Max Depth = 272<LI>Call Chain = KeccakAbsorb1344bits &rArr; KeccakPermutationAfterXor &rArr; KeccakPermutation &rArr; KeccakPermutationOnWords &rArr; pi
</UL>
<BR>[Calls]<UL><LI><a href="#[a9]">&gt;&gt;</a>&nbsp;&nbsp;&nbsp;KeccakPermutationAfterXor
</UL>
<BR>[Called By]<UL><LI><a href="#[46]">&gt;&gt;</a>&nbsp;&nbsp;&nbsp;AbsorbQueue
<LI><a href="#[3d]">&gt;&gt;</a>&nbsp;&nbsp;&nbsp;Absorb
</UL>

<P><STRONG><a name="[3e]"></a>KeccakAbsorb576bits</STRONG> (Thumb, 18 bytes, Stack size 12 bytes, keccakf-1600-reference.o(i.KeccakAbsorb576bits))
<BR><BR>[Stack]<UL><LI>Max Depth = 272<LI>Call Chain = KeccakAbsorb576bits &rArr; KeccakPermutationAfterXor &rArr; KeccakPermutation &rArr; KeccakPermutationOnWords &rArr; pi
</UL>
<BR>[Calls]<UL><LI><a href="#[a9]">&gt;&gt;</a>&nbsp;&nbsp;&nbsp;KeccakPermutationAfterXor
</UL>
<BR>[Called By]<UL><LI><a href="#[46]">&gt;&gt;</a>&nbsp;&nbsp;&nbsp;AbsorbQueue
<LI><a href="#[3d]">&gt;&gt;</a>&nbsp;&nbsp;&nbsp;Absorb
</UL>

<P><STRONG><a name="[3f]"></a>KeccakAbsorb832bits</STRONG> (Thumb, 18 bytes, Stack size 12 bytes, keccakf-1600-reference.o(i.KeccakAbsorb832bits))
<BR><BR>[Stack]<UL><LI>Max Depth = 272<LI>Call Chain = KeccakAbsorb832bits &rArr; KeccakPermutationAfterXor &rArr; KeccakPermutation &rArr; KeccakPermutationOnWords &rArr; pi
</UL>
<BR>[Calls]<UL><LI><a href="#[a9]">&gt;&gt;</a>&nbsp;&nbsp;&nbsp;KeccakPermutationAfterXor
</UL>
<BR>[Called By]<UL><LI><a href="#[46]">&gt;&gt;</a>&nbsp;&nbsp;&nbsp;AbsorbQueue
<LI><a href="#[3d]">&gt;&gt;</a>&nbsp;&nbsp;&nbsp;Absorb
</UL>

<P><STRONG><a name="[aa]"></a>KeccakExtract</STRONG> (Thumb, 20 bytes, Stack size 16 bytes, keccakf-1600-reference.o(i.KeccakExtract))
<BR><BR>[Stack]<UL><LI>Max Depth = 16<LI>Call Chain = KeccakExtract
</UL>
<BR>[Calls]<UL><LI><a href="#[45]">&gt;&gt;</a>&nbsp;&nbsp;&nbsp;__aeabi_memcpy
</UL>
<BR>[Called By]<UL><LI><a href="#[10c]">&gt;&gt;</a>&nbsp;&nbsp;&nbsp;Squeeze
<LI><a href="#[10a]">&gt;&gt;</a>&nbsp;&nbsp;&nbsp;PadAndSwitchToSqueezingPhase
</UL>

<P><STRONG><a name="[ab]"></a>KeccakExtract1024bits</STRONG> (Thumb, 18 bytes, Stack size 16 bytes, keccakf-1600-reference.o(i.KeccakExtract1024bits))
<BR><BR>[Stack]<UL><LI>Max Depth = 16<LI>Call Chain = KeccakExtract1024bits
</UL>
<BR>[Calls]<UL><LI><a href="#[45]">&gt;&gt;</a>&nbsp;&nbsp;&nbsp;__aeabi_memcpy
</UL>
<BR>[Called By]<UL><LI><a href="#[10c]">&gt;&gt;</a>&nbsp;&nbsp;&nbsp;Squeeze
<LI><a href="#[10a]">&gt;&gt;</a>&nbsp;&nbsp;&nbsp;PadAndSwitchToSqueezingPhase
</UL>

<P><STRONG><a name="[a6]"></a>KeccakInitialize</STRONG> (Thumb, 12 bytes, Stack size 4 bytes, keccakf-1600-reference.o(i.KeccakInitialize))
<BR><BR>[Stack]<UL><LI>Max Depth = 60<LI>Call Chain = KeccakInitialize &rArr; KeccakInitializeRoundConstants &rArr; _rol
</UL>
<BR>[Calls]<UL><LI><a href="#[ac]">&gt;&gt;</a>&nbsp;&nbsp;&nbsp;KeccakInitializeRoundConstants
<LI><a href="#[ad]">&gt;&gt;</a>&nbsp;&nbsp;&nbsp;KeccakInitializeRhoOffsets
</UL>
<BR>[Called By]<UL><LI><a href="#[a5]">&gt;&gt;</a>&nbsp;&nbsp;&nbsp;InitSponge
</UL>

<P><STRONG><a name="[ad]"></a>KeccakInitializeRhoOffsets</STRONG> (Thumb, 86 bytes, Stack size 20 bytes, keccakf-1600-reference.o(i.KeccakInitializeRhoOffsets))
<BR><BR>[Stack]<UL><LI>Max Depth = 20<LI>Call Chain = KeccakInitializeRhoOffsets
</UL>
<BR>[Called By]<UL><LI><a href="#[a6]">&gt;&gt;</a>&nbsp;&nbsp;&nbsp;KeccakInitialize
</UL>

<P><STRONG><a name="[ac]"></a>KeccakInitializeRoundConstants</STRONG> (Thumb, 116 bytes, Stack size 36 bytes, keccakf-1600-reference.o(i.KeccakInitializeRoundConstants))
<BR><BR>[Stack]<UL><LI>Max Depth = 56<LI>Call Chain = KeccakInitializeRoundConstants &rArr; _rol
</UL>
<BR>[Calls]<UL><LI><a href="#[af]">&gt;&gt;</a>&nbsp;&nbsp;&nbsp;_rol
<LI><a href="#[ae]">&gt;&gt;</a>&nbsp;&nbsp;&nbsp;LFSR86540
</UL>
<BR>[Called By]<UL><LI><a href="#[a6]">&gt;&gt;</a>&nbsp;&nbsp;&nbsp;KeccakInitialize
</UL>

<P><STRONG><a name="[a7]"></a>KeccakInitializeState</STRONG> (Thumb, 14 bytes, Stack size 8 bytes, keccakf-1600-reference.o(i.KeccakInitializeState))
<BR><BR>[Stack]<UL><LI>Max Depth = 8<LI>Call Chain = KeccakInitializeState
</UL>
<BR>[Calls]<UL><LI><a href="#[23]">&gt;&gt;</a>&nbsp;&nbsp;&nbsp;__aeabi_memclr
</UL>
<BR>[Called By]<UL><LI><a href="#[a5]">&gt;&gt;</a>&nbsp;&nbsp;&nbsp;InitSponge
</UL>

<P><STRONG><a name="[b0]"></a>KeccakPermutation</STRONG> (Thumb, 12 bytes, Stack size 8 bytes, keccakf-1600-reference.o(i.KeccakPermutation))
<BR><BR>[Stack]<UL><LI>Max Depth = 240<LI>Call Chain = KeccakPermutation &rArr; KeccakPermutationOnWords &rArr; pi
</UL>
<BR>[Calls]<UL><LI><a href="#[b1]">&gt;&gt;</a>&nbsp;&nbsp;&nbsp;KeccakPermutationOnWords
</UL>
<BR>[Called By]<UL><LI><a href="#[a9]">&gt;&gt;</a>&nbsp;&nbsp;&nbsp;KeccakPermutationAfterXor
<LI><a href="#[10c]">&gt;&gt;</a>&nbsp;&nbsp;&nbsp;Squeeze
</UL>

<P><STRONG><a name="[a9]"></a>KeccakPermutationAfterXor</STRONG> (Thumb, 34 bytes, Stack size 20 bytes, keccakf-1600-reference.o(i.KeccakPermutationAfterXor))
<BR><BR>[Stack]<UL><LI>Max Depth = 260<LI>Call Chain = KeccakPermutationAfterXor &rArr; KeccakPermutation &rArr; KeccakPermutationOnWords &rArr; pi
</UL>
<BR>[Calls]<UL><LI><a href="#[b0]">&gt;&gt;</a>&nbsp;&nbsp;&nbsp;KeccakPermutation
</UL>
<BR>[Called By]<UL><LI><a href="#[3f]">&gt;&gt;</a>&nbsp;&nbsp;&nbsp;KeccakAbsorb832bits
<LI><a href="#[3e]">&gt;&gt;</a>&nbsp;&nbsp;&nbsp;KeccakAbsorb576bits
<LI><a href="#[43]">&gt;&gt;</a>&nbsp;&nbsp;&nbsp;KeccakAbsorb1344bits
<LI><a href="#[42]">&gt;&gt;</a>&nbsp;&nbsp;&nbsp;KeccakAbsorb1152bits
<LI><a href="#[41]">&gt;&gt;</a>&nbsp;&nbsp;&nbsp;KeccakAbsorb1088bits
<LI><a href="#[40]">&gt;&gt;</a>&nbsp;&nbsp;&nbsp;KeccakAbsorb1024bits
<LI><a href="#[44]">&gt;&gt;</a>&nbsp;&nbsp;&nbsp;KeccakAbsorb
</UL>

<P><STRONG><a name="[b1]"></a>KeccakPermutationOnWords</STRONG> (Thumb, 48 bytes, Stack size 12 bytes, keccakf-1600-reference.o(i.KeccakPermutationOnWords))
<BR><BR>[Stack]<UL><LI>Max Depth = 232<LI>Call Chain = KeccakPermutationOnWords &rArr; pi
</UL>
<BR>[Calls]<UL><LI><a href="#[b2]">&gt;&gt;</a>&nbsp;&nbsp;&nbsp;theta
<LI><a href="#[b3]">&gt;&gt;</a>&nbsp;&nbsp;&nbsp;rho
<LI><a href="#[b4]">&gt;&gt;</a>&nbsp;&nbsp;&nbsp;pi
<LI><a href="#[b6]">&gt;&gt;</a>&nbsp;&nbsp;&nbsp;iota
<LI><a href="#[b5]">&gt;&gt;</a>&nbsp;&nbsp;&nbsp;chi
</UL>
<BR>[Called By]<UL><LI><a href="#[b0]">&gt;&gt;</a>&nbsp;&nbsp;&nbsp;KeccakPermutation
</UL>

<P><STRONG><a name="[ae]"></a>LFSR86540</STRONG> (Thumb, 38 bytes, Stack size 0 bytes, keccakf-1600-reference.o(i.LFSR86540))
<BR><BR>[Called By]<UL><LI><a href="#[ac]">&gt;&gt;</a>&nbsp;&nbsp;&nbsp;KeccakInitializeRoundConstants
</UL>

<P><STRONG><a name="[ec]"></a>LOS_Align</STRONG> (Thumb, 28 bytes, Stack size 0 bytes, los_misc.o(i.LOS_Align))
<BR><BR>[Called By]<UL><LI><a href="#[e9]">&gt;&gt;</a>&nbsp;&nbsp;&nbsp;LOS_TaskCreateOnly
</UL>

<P><STRONG><a name="[e0]"></a>LOS_ErrHandle</STRONG> (Thumb, 58 bytes, Stack size 32 bytes, los_err.o(i.LOS_ErrHandle))
<BR><BR>[Stack]<UL><LI>Max Depth = 32<LI>Call Chain = LOS_ErrHandle
</UL>
<BR>[Called By]<UL><LI><a href="#[de]">&gt;&gt;</a>&nbsp;&nbsp;&nbsp;osSemCreate
<LI><a href="#[e2]">&gt;&gt;</a>&nbsp;&nbsp;&nbsp;LOS_SemPost
<LI><a href="#[df]">&gt;&gt;</a>&nbsp;&nbsp;&nbsp;LOS_SemPend
</UL>

<P><STRONG><a name="[b7]"></a>LOS_HwiCreate</STRONG> (Thumb, 164 bytes, Stack size 32 bytes, los_hwi.o(i.LOS_HwiCreate))
<BR><BR>[Stack]<UL><LI>Max Depth = 32 + Unknown Stack Size
<LI>Call Chain = LOS_HwiCreate
</UL>
<BR>[Calls]<UL><LI><a href="#[b9]">&gt;&gt;</a>&nbsp;&nbsp;&nbsp;LOS_IntRestore
<LI><a href="#[b8]">&gt;&gt;</a>&nbsp;&nbsp;&nbsp;LOS_IntLock
</UL>
<BR>[Called By]<UL><LI><a href="#[11]">&gt;&gt;</a>&nbsp;&nbsp;&nbsp;data_collection_task
</UL>

<P><STRONG><a name="[ba]"></a>LOS_KernelInit</STRONG> (Thumb, 180 bytes, Stack size 8 bytes, los_init.o(i.LOS_KernelInit))
<BR><BR>[Stack]<UL><LI>Max Depth = 256 + Unknown Stack Size
<LI>Call Chain = LOS_KernelInit &rArr; osSwTmrInit &rArr; osSwTmrTaskCreate &rArr; LOS_TaskCreate &rArr; LOS_TaskCreateOnly &rArr; LOS_MemAllocAlign &rArr; LOS_MemAlloc &rArr; osHeapAlloc &rArr; osAlarmHeapInfo &rArr; osHeapStatisticsGet
</UL>
<BR>[Calls]<UL><LI><a href="#[c2]">&gt;&gt;</a>&nbsp;&nbsp;&nbsp;osQueueInit
<LI><a href="#[c1]">&gt;&gt;</a>&nbsp;&nbsp;&nbsp;osMuxInit
<LI><a href="#[c4]">&gt;&gt;</a>&nbsp;&nbsp;&nbsp;osTimesliceInit
<LI><a href="#[bf]">&gt;&gt;</a>&nbsp;&nbsp;&nbsp;osTaskMonInit
<LI><a href="#[be]">&gt;&gt;</a>&nbsp;&nbsp;&nbsp;osTaskInit
<LI><a href="#[c5]">&gt;&gt;</a>&nbsp;&nbsp;&nbsp;osIdleTaskCreate
<LI><a href="#[c3]">&gt;&gt;</a>&nbsp;&nbsp;&nbsp;osSwTmrInit
<LI><a href="#[bd]">&gt;&gt;</a>&nbsp;&nbsp;&nbsp;osHwiInit
<LI><a href="#[bb]">&gt;&gt;</a>&nbsp;&nbsp;&nbsp;osRegister
<LI><a href="#[bc]">&gt;&gt;</a>&nbsp;&nbsp;&nbsp;osMemSystemInit
<LI><a href="#[c0]">&gt;&gt;</a>&nbsp;&nbsp;&nbsp;osSemInit
<LI><a href="#[76]">&gt;&gt;</a>&nbsp;&nbsp;&nbsp;__2printf
</UL>
<BR>[Called By]<UL><LI><a href="#[7]">&gt;&gt;</a>&nbsp;&nbsp;&nbsp;main
</UL>

<P><STRONG><a name="[c8]"></a>LOS_MemAlloc</STRONG> (Thumb, 42 bytes, Stack size 16 bytes, los_memory.o(i.LOS_MemAlloc))
<BR><BR>[Stack]<UL><LI>Max Depth = 104 + Unknown Stack Size
<LI>Call Chain = LOS_MemAlloc &rArr; osHeapAlloc &rArr; osAlarmHeapInfo &rArr; osHeapStatisticsGet
</UL>
<BR>[Calls]<UL><LI><a href="#[c9]">&gt;&gt;</a>&nbsp;&nbsp;&nbsp;osSlabMemAlloc
<LI><a href="#[ca]">&gt;&gt;</a>&nbsp;&nbsp;&nbsp;osHeapAlloc
</UL>
<BR>[Called By]<UL><LI><a href="#[15e]">&gt;&gt;</a>&nbsp;&nbsp;&nbsp;osPriqueueInit
<LI><a href="#[d2]">&gt;&gt;</a>&nbsp;&nbsp;&nbsp;LOS_QueueCreate
<LI><a href="#[c2]">&gt;&gt;</a>&nbsp;&nbsp;&nbsp;osQueueInit
<LI><a href="#[c1]">&gt;&gt;</a>&nbsp;&nbsp;&nbsp;osMuxInit
<LI><a href="#[cb]">&gt;&gt;</a>&nbsp;&nbsp;&nbsp;LOS_MemAllocAlign
<LI><a href="#[be]">&gt;&gt;</a>&nbsp;&nbsp;&nbsp;osTaskInit
<LI><a href="#[c3]">&gt;&gt;</a>&nbsp;&nbsp;&nbsp;osSwTmrInit
<LI><a href="#[c0]">&gt;&gt;</a>&nbsp;&nbsp;&nbsp;osSemInit
</UL>

<P><STRONG><a name="[cb]"></a>LOS_MemAllocAlign</STRONG> (Thumb, 18 bytes, Stack size 16 bytes, los_memory.o(i.LOS_MemAllocAlign))
<BR><BR>[Stack]<UL><LI>Max Depth = 120 + Unknown Stack Size
<LI>Call Chain = LOS_MemAllocAlign &rArr; LOS_MemAlloc &rArr; osHeapAlloc &rArr; osAlarmHeapInfo &rArr; osHeapStatisticsGet
</UL>
<BR>[Calls]<UL><LI><a href="#[c8]">&gt;&gt;</a>&nbsp;&nbsp;&nbsp;LOS_MemAlloc
</UL>
<BR>[Called By]<UL><LI><a href="#[e9]">&gt;&gt;</a>&nbsp;&nbsp;&nbsp;LOS_TaskCreateOnly
</UL>

<P><STRONG><a name="[cc]"></a>LOS_MemFree</STRONG> (Thumb, 52 bytes, Stack size 16 bytes, los_memory.o(i.LOS_MemFree))
<BR><BR>[Stack]<UL><LI>Max Depth = 92 + Unknown Stack Size
<LI>Call Chain = LOS_MemFree &rArr; osSlabMemFree &rArr; osSlabAllocatorFree &rArr; osAtomicBitsetClearBit
</UL>
<BR>[Calls]<UL><LI><a href="#[cd]">&gt;&gt;</a>&nbsp;&nbsp;&nbsp;osSlabMemFree
<LI><a href="#[ce]">&gt;&gt;</a>&nbsp;&nbsp;&nbsp;osHeapFree
</UL>
<BR>[Called By]<UL><LI><a href="#[f4]">&gt;&gt;</a>&nbsp;&nbsp;&nbsp;LOS_TaskDelete
<LI><a href="#[d2]">&gt;&gt;</a>&nbsp;&nbsp;&nbsp;LOS_QueueCreate
<LI><a href="#[e9]">&gt;&gt;</a>&nbsp;&nbsp;&nbsp;LOS_TaskCreateOnly
</UL>

<P><STRONG><a name="[cf]"></a>LOS_MemInit</STRONG> (Thumb, 196 bytes, Stack size 40 bytes, los_memory.o(i.LOS_MemInit))
<BR><BR>[Stack]<UL><LI>Max Depth = 192 + Unknown Stack Size
<LI>Call Chain = LOS_MemInit &rArr; osSlabMemInit &rArr; osSlabAllocatorNew &rArr; osHeapAlloc &rArr; osAlarmHeapInfo &rArr; osHeapStatisticsGet
</UL>
<BR>[Calls]<UL><LI><a href="#[b9]">&gt;&gt;</a>&nbsp;&nbsp;&nbsp;LOS_IntRestore
<LI><a href="#[b8]">&gt;&gt;</a>&nbsp;&nbsp;&nbsp;LOS_IntLock
<LI><a href="#[d1]">&gt;&gt;</a>&nbsp;&nbsp;&nbsp;osSlabMemInit
<LI><a href="#[d0]">&gt;&gt;</a>&nbsp;&nbsp;&nbsp;osHeapInit
<LI><a href="#[76]">&gt;&gt;</a>&nbsp;&nbsp;&nbsp;__2printf
</UL>
<BR>[Called By]<UL><LI><a href="#[bc]">&gt;&gt;</a>&nbsp;&nbsp;&nbsp;osMemSystemInit
</UL>

<P><STRONG><a name="[d2]"></a>LOS_QueueCreate</STRONG> (Thumb, 210 bytes, Stack size 40 bytes, los_queue.o(i.LOS_QueueCreate))
<BR><BR>[Stack]<UL><LI>Max Depth = 144 + Unknown Stack Size
<LI>Call Chain = LOS_QueueCreate &rArr; LOS_MemAlloc &rArr; osHeapAlloc &rArr; osAlarmHeapInfo &rArr; osHeapStatisticsGet
</UL>
<BR>[Calls]<UL><LI><a href="#[cc]">&gt;&gt;</a>&nbsp;&nbsp;&nbsp;LOS_MemFree
<LI><a href="#[c8]">&gt;&gt;</a>&nbsp;&nbsp;&nbsp;LOS_MemAlloc
<LI><a href="#[b9]">&gt;&gt;</a>&nbsp;&nbsp;&nbsp;LOS_IntRestore
<LI><a href="#[b8]">&gt;&gt;</a>&nbsp;&nbsp;&nbsp;LOS_IntLock
<LI><a href="#[d4]">&gt;&gt;</a>&nbsp;&nbsp;&nbsp;LOS_ListInit
<LI><a href="#[d3]">&gt;&gt;</a>&nbsp;&nbsp;&nbsp;LOS_ListEmpty
</UL>
<BR>[Called By]<UL><LI><a href="#[c3]">&gt;&gt;</a>&nbsp;&nbsp;&nbsp;osSwTmrInit
</UL>

<P><STRONG><a name="[d5]"></a>LOS_QueueReadCopy</STRONG> (Thumb, 54 bytes, Stack size 32 bytes, los_queue.o(i.LOS_QueueReadCopy))
<BR><BR>[Stack]<UL><LI>Max Depth = 168 + Unknown Stack Size
<LI>Call Chain = LOS_QueueReadCopy &rArr; osQueueOperate &rArr; osTaskWait &rArr; osTaskAdd2TimerList &rArr; LOS_ListTailInsert
</UL>
<BR>[Calls]<UL><LI><a href="#[d7]">&gt;&gt;</a>&nbsp;&nbsp;&nbsp;osQueueOperate
<LI><a href="#[d6]">&gt;&gt;</a>&nbsp;&nbsp;&nbsp;osQueueReadParameterCheck
</UL>
<BR>[Called By]<UL><LI><a href="#[19]">&gt;&gt;</a>&nbsp;&nbsp;&nbsp;osSwTmrTask
</UL>

<P><STRONG><a name="[d8]"></a>LOS_QueueWriteCopy</STRONG> (Thumb, 54 bytes, Stack size 48 bytes, los_queue.o(i.LOS_QueueWriteCopy))
<BR><BR>[Stack]<UL><LI>Max Depth = 184 + Unknown Stack Size
<LI>Call Chain = LOS_QueueWriteCopy &rArr; osQueueOperate &rArr; osTaskWait &rArr; osTaskAdd2TimerList &rArr; LOS_ListTailInsert
</UL>
<BR>[Calls]<UL><LI><a href="#[d7]">&gt;&gt;</a>&nbsp;&nbsp;&nbsp;osQueueOperate
<LI><a href="#[d9]">&gt;&gt;</a>&nbsp;&nbsp;&nbsp;osQueueWriteParameterCheck
</UL>
<BR>[Called By]<UL><LI><a href="#[16d]">&gt;&gt;</a>&nbsp;&nbsp;&nbsp;osSwTmrTimeoutHandle
</UL>

<P><STRONG><a name="[da]"></a>LOS_Schedule</STRONG> (Thumb, 56 bytes, Stack size 8 bytes, los_hw.o(i.LOS_Schedule))
<BR><BR>[Stack]<UL><LI>Max Depth = 8 + Unknown Stack Size
<LI>Call Chain = LOS_Schedule
</UL>
<BR>[Calls]<UL><LI><a href="#[db]">&gt;&gt;</a>&nbsp;&nbsp;&nbsp;osPriqueueTop
<LI><a href="#[b9]">&gt;&gt;</a>&nbsp;&nbsp;&nbsp;LOS_IntRestore
<LI><a href="#[b8]">&gt;&gt;</a>&nbsp;&nbsp;&nbsp;LOS_IntLock
<LI><a href="#[dc]">&gt;&gt;</a>&nbsp;&nbsp;&nbsp;osTaskSchedule
</UL>
<BR>[Called By]<UL><LI><a href="#[f1]">&gt;&gt;</a>&nbsp;&nbsp;&nbsp;LOS_TaskYield
<LI><a href="#[d7]">&gt;&gt;</a>&nbsp;&nbsp;&nbsp;osQueueOperate
<LI><a href="#[172]">&gt;&gt;</a>&nbsp;&nbsp;&nbsp;osTaskScan
<LI><a href="#[f0]">&gt;&gt;</a>&nbsp;&nbsp;&nbsp;LOS_TaskDelay
<LI><a href="#[e2]">&gt;&gt;</a>&nbsp;&nbsp;&nbsp;LOS_SemPost
<LI><a href="#[df]">&gt;&gt;</a>&nbsp;&nbsp;&nbsp;LOS_SemPend
</UL>

<P><STRONG><a name="[dd]"></a>LOS_SemCreate</STRONG> (Thumb, 20 bytes, Stack size 16 bytes, los_sem.o(i.LOS_SemCreate))
<BR><BR>[Stack]<UL><LI>Max Depth = 88 + Unknown Stack Size
<LI>Call Chain = LOS_SemCreate &rArr; osSemCreate &rArr; LOS_ErrHandle
</UL>
<BR>[Calls]<UL><LI><a href="#[de]">&gt;&gt;</a>&nbsp;&nbsp;&nbsp;osSemCreate
</UL>
<BR>[Called By]<UL><LI><a href="#[131]">&gt;&gt;</a>&nbsp;&nbsp;&nbsp;los_dev_uart_init
</UL>

<P><STRONG><a name="[df]"></a>LOS_SemPend</STRONG> (Thumb, 260 bytes, Stack size 32 bytes, los_sem.o(i.LOS_SemPend))
<BR><BR>[Stack]<UL><LI>Max Depth = 104 + Unknown Stack Size
<LI>Call Chain = LOS_SemPend &rArr; osTaskWait &rArr; osTaskAdd2TimerList &rArr; LOS_ListTailInsert
</UL>
<BR>[Calls]<UL><LI><a href="#[b9]">&gt;&gt;</a>&nbsp;&nbsp;&nbsp;LOS_IntRestore
<LI><a href="#[b8]">&gt;&gt;</a>&nbsp;&nbsp;&nbsp;LOS_IntLock
<LI><a href="#[e0]">&gt;&gt;</a>&nbsp;&nbsp;&nbsp;LOS_ErrHandle
<LI><a href="#[da]">&gt;&gt;</a>&nbsp;&nbsp;&nbsp;LOS_Schedule
<LI><a href="#[e1]">&gt;&gt;</a>&nbsp;&nbsp;&nbsp;osTaskWait
<LI><a href="#[76]">&gt;&gt;</a>&nbsp;&nbsp;&nbsp;__2printf
</UL>
<BR>[Called By]<UL><LI><a href="#[14e]">&gt;&gt;</a>&nbsp;&nbsp;&nbsp;los_dev_uart_write
<LI><a href="#[14c]">&gt;&gt;</a>&nbsp;&nbsp;&nbsp;los_dev_uart_read
</UL>

<P><STRONG><a name="[e2]"></a>LOS_SemPost</STRONG> (Thumb, 154 bytes, Stack size 24 bytes, los_sem.o(i.LOS_SemPost))
<BR><BR>[Stack]<UL><LI>Max Depth = 64 + Unknown Stack Size
<LI>Call Chain = LOS_SemPost &rArr; osTaskWake &rArr; osTimerListDelete
</UL>
<BR>[Calls]<UL><LI><a href="#[b9]">&gt;&gt;</a>&nbsp;&nbsp;&nbsp;LOS_IntRestore
<LI><a href="#[b8]">&gt;&gt;</a>&nbsp;&nbsp;&nbsp;LOS_IntLock
<LI><a href="#[e0]">&gt;&gt;</a>&nbsp;&nbsp;&nbsp;LOS_ErrHandle
<LI><a href="#[da]">&gt;&gt;</a>&nbsp;&nbsp;&nbsp;LOS_Schedule
<LI><a href="#[e4]">&gt;&gt;</a>&nbsp;&nbsp;&nbsp;osTaskWake
<LI><a href="#[e3]">&gt;&gt;</a>&nbsp;&nbsp;&nbsp;LOS_ListEmpty
</UL>
<BR>[Called By]<UL><LI><a href="#[14e]">&gt;&gt;</a>&nbsp;&nbsp;&nbsp;los_dev_uart_write
<LI><a href="#[10f]">&gt;&gt;</a>&nbsp;&nbsp;&nbsp;los_dev_uart_irqhandler
<LI><a href="#[14b]">&gt;&gt;</a>&nbsp;&nbsp;&nbsp;los_receive_it
</UL>

<P><STRONG><a name="[e5]"></a>LOS_Start</STRONG> (Thumb, 38 bytes, Stack size 8 bytes, los_init.o(i.LOS_Start))
<BR><BR>[Stack]<UL><LI>Max Depth = 32 + Unknown Stack Size
<LI>Call Chain = LOS_Start &rArr; __2printf
</UL>
<BR>[Calls]<UL><LI><a href="#[e6]">&gt;&gt;</a>&nbsp;&nbsp;&nbsp;osTickStart
<LI><a href="#[e7]">&gt;&gt;</a>&nbsp;&nbsp;&nbsp;LOS_StartToRun
<LI><a href="#[76]">&gt;&gt;</a>&nbsp;&nbsp;&nbsp;__2printf
</UL>
<BR>[Called By]<UL><LI><a href="#[7]">&gt;&gt;</a>&nbsp;&nbsp;&nbsp;main
</UL>

<P><STRONG><a name="[e8]"></a>LOS_TaskCreate</STRONG> (Thumb, 140 bytes, Stack size 24 bytes, los_task.o(i.LOS_TaskCreate))
<BR><BR>[Stack]<UL><LI>Max Depth = 184 + Unknown Stack Size
<LI>Call Chain = LOS_TaskCreate &rArr; LOS_TaskCreateOnly &rArr; LOS_MemAllocAlign &rArr; LOS_MemAlloc &rArr; osHeapAlloc &rArr; osAlarmHeapInfo &rArr; osHeapStatisticsGet
</UL>
<BR>[Calls]<UL><LI><a href="#[db]">&gt;&gt;</a>&nbsp;&nbsp;&nbsp;osPriqueueTop
<LI><a href="#[ea]">&gt;&gt;</a>&nbsp;&nbsp;&nbsp;osPriqueueEnqueue
<LI><a href="#[b9]">&gt;&gt;</a>&nbsp;&nbsp;&nbsp;LOS_IntRestore
<LI><a href="#[b8]">&gt;&gt;</a>&nbsp;&nbsp;&nbsp;LOS_IntLock
<LI><a href="#[eb]">&gt;&gt;</a>&nbsp;&nbsp;&nbsp;osSchedule
<LI><a href="#[e9]">&gt;&gt;</a>&nbsp;&nbsp;&nbsp;LOS_TaskCreateOnly
</UL>
<BR>[Called By]<UL><LI><a href="#[c5]">&gt;&gt;</a>&nbsp;&nbsp;&nbsp;osIdleTaskCreate
<LI><a href="#[16c]">&gt;&gt;</a>&nbsp;&nbsp;&nbsp;osSwTmrTaskCreate
<LI><a href="#[12d]">&gt;&gt;</a>&nbsp;&nbsp;&nbsp;create_data_transfer_task
<LI><a href="#[12c]">&gt;&gt;</a>&nbsp;&nbsp;&nbsp;create_data_collection_task
</UL>

<P><STRONG><a name="[e9]"></a>LOS_TaskCreateOnly</STRONG> (Thumb, 364 bytes, Stack size 40 bytes, los_task.o(i.LOS_TaskCreateOnly))
<BR><BR>[Stack]<UL><LI>Max Depth = 160 + Unknown Stack Size
<LI>Call Chain = LOS_TaskCreateOnly &rArr; LOS_MemAllocAlign &rArr; LOS_MemAlloc &rArr; osHeapAlloc &rArr; osAlarmHeapInfo &rArr; osHeapStatisticsGet
</UL>
<BR>[Calls]<UL><LI><a href="#[cc]">&gt;&gt;</a>&nbsp;&nbsp;&nbsp;LOS_MemFree
<LI><a href="#[b9]">&gt;&gt;</a>&nbsp;&nbsp;&nbsp;LOS_IntRestore
<LI><a href="#[b8]">&gt;&gt;</a>&nbsp;&nbsp;&nbsp;LOS_IntLock
<LI><a href="#[ef]">&gt;&gt;</a>&nbsp;&nbsp;&nbsp;osTskStackInit
<LI><a href="#[cb]">&gt;&gt;</a>&nbsp;&nbsp;&nbsp;LOS_MemAllocAlign
<LI><a href="#[ec]">&gt;&gt;</a>&nbsp;&nbsp;&nbsp;LOS_Align
<LI><a href="#[ee]">&gt;&gt;</a>&nbsp;&nbsp;&nbsp;LOS_ListEmpty
<LI><a href="#[ed]">&gt;&gt;</a>&nbsp;&nbsp;&nbsp;LOS_ListDelete
<LI><a href="#[c7]">&gt;&gt;</a>&nbsp;&nbsp;&nbsp;LOS_ListAdd
</UL>
<BR>[Called By]<UL><LI><a href="#[e8]">&gt;&gt;</a>&nbsp;&nbsp;&nbsp;LOS_TaskCreate
</UL>

<P><STRONG><a name="[f0]"></a>LOS_TaskDelay</STRONG> (Thumb, 106 bytes, Stack size 16 bytes, los_task.o(i.LOS_TaskDelay))
<BR><BR>[Stack]<UL><LI>Max Depth = 64 + Unknown Stack Size
<LI>Call Chain = LOS_TaskDelay &rArr; osTaskAdd2TimerList &rArr; LOS_ListTailInsert
</UL>
<BR>[Calls]<UL><LI><a href="#[f2]">&gt;&gt;</a>&nbsp;&nbsp;&nbsp;osPriqueueDequeue
<LI><a href="#[f1]">&gt;&gt;</a>&nbsp;&nbsp;&nbsp;LOS_TaskYield
<LI><a href="#[b9]">&gt;&gt;</a>&nbsp;&nbsp;&nbsp;LOS_IntRestore
<LI><a href="#[b8]">&gt;&gt;</a>&nbsp;&nbsp;&nbsp;LOS_IntLock
<LI><a href="#[da]">&gt;&gt;</a>&nbsp;&nbsp;&nbsp;LOS_Schedule
<LI><a href="#[f3]">&gt;&gt;</a>&nbsp;&nbsp;&nbsp;osTaskAdd2TimerList
</UL>
<BR>[Called By]<UL><LI><a href="#[12]">&gt;&gt;</a>&nbsp;&nbsp;&nbsp;data_transfer_task
<LI><a href="#[11]">&gt;&gt;</a>&nbsp;&nbsp;&nbsp;data_collection_task
</UL>

<P><STRONG><a name="[f4]"></a>LOS_TaskDelete</STRONG> (Thumb, 336 bytes, Stack size 24 bytes, los_task.o(i.LOS_TaskDelete))
<BR><BR>[Stack]<UL><LI>Max Depth = 116 + Unknown Stack Size
<LI>Call Chain = LOS_TaskDelete &rArr; LOS_MemFree &rArr; osSlabMemFree &rArr; osSlabAllocatorFree &rArr; osAtomicBitsetClearBit
</UL>
<BR>[Calls]<UL><LI><a href="#[db]">&gt;&gt;</a>&nbsp;&nbsp;&nbsp;osPriqueueTop
<LI><a href="#[f2]">&gt;&gt;</a>&nbsp;&nbsp;&nbsp;osPriqueueDequeue
<LI><a href="#[cc]">&gt;&gt;</a>&nbsp;&nbsp;&nbsp;LOS_MemFree
<LI><a href="#[b9]">&gt;&gt;</a>&nbsp;&nbsp;&nbsp;LOS_IntRestore
<LI><a href="#[b8]">&gt;&gt;</a>&nbsp;&nbsp;&nbsp;LOS_IntLock
<LI><a href="#[eb]">&gt;&gt;</a>&nbsp;&nbsp;&nbsp;osSchedule
<LI><a href="#[f5]">&gt;&gt;</a>&nbsp;&nbsp;&nbsp;osTimerListDelete
<LI><a href="#[c6]">&gt;&gt;</a>&nbsp;&nbsp;&nbsp;LOS_ListTailInsert
<LI><a href="#[ed]">&gt;&gt;</a>&nbsp;&nbsp;&nbsp;LOS_ListDelete
[...]
</UL>
<BR>[Called By]<UL><LI><a href="#[7f]">&gt;&gt;</a>&nbsp;&nbsp;&nbsp;HAL_RCCEx_PeriphCLKConfig
</UL>

<P><STRONG><a name="[c]"></a>UART_DMAAbortOnError</STRONG> (Thumb, 24 bytes, Stack size 16 bytes, stm32l4xx_hal_uart.o(i.UART_DMAAbortOnError))
<BR><BR>[Stack]<UL><LI>Max Depth = 16<LI>Call Chain = UART_DMAAbortOnError
</UL>
<BR>[Calls]<UL><LI><a href="#[91]">&gt;&gt;</a>&nbsp;&nbsp;&nbsp;HAL_UART_ErrorCallback
</UL>
<BR>[Address Reference Count : 1]<UL><LI> stm32l4xx_hal_uart.o(i.HAL_UART_IRQHandler)
</UL>
<P><STRONG><a name="[8f]"></a>UART_EndRxTransfer</STRONG> (Thumb, 32 bytes, Stack size 0 bytes, stm32l4xx_hal_uart.o(i.UART_EndRxTransfer))
<BR><BR>[Called By]<UL><LI><a href="#[8d]">&gt;&gt;</a>&nbsp;&nbsp;&nbsp;HAL_UART_IRQHandler
</UL>

<P><STRONG><a name="[8e]"></a>UART_Receive_IT</STRONG> (Thumb, 138 bytes, Stack size 24 bytes, stm32l4xx_hal_uart.o(i.UART_Receive_IT))
<BR><BR>[Stack]<UL><LI>Max Depth = 24<LI>Call Chain = UART_Receive_IT
</UL>
<BR>[Calls]<UL><LI><a href="#[10e]">&gt;&gt;</a>&nbsp;&nbsp;&nbsp;HAL_UART_RxCpltCallback
</UL>
<BR>[Called By]<UL><LI><a href="#[8d]">&gt;&gt;</a>&nbsp;&nbsp;&nbsp;HAL_UART_IRQHandler
</UL>

<P><STRONG><a name="[55]"></a>EccPoint_double_jacobian</STRONG> (Thumb, 274 bytes, Stack size 88 bytes, ecc.o(i.EccPoint_double_jacobian))
<BR><BR>[Stack]<UL><LI>Max Depth = 236<LI>Call Chain = EccPoint_double_jacobian &rArr; vli_modSquare_fast &rArr; vli_mmod_fast &rArr; vli_sub
</UL>
<BR>[Calls]<UL><LI><a href="#[5b]">&gt;&gt;</a>&nbsp;&nbsp;&nbsp;vli_testBit
<LI><a href="#[5e]">&gt;&gt;</a>&nbsp;&nbsp;&nbsp;vli_set
<LI><a href="#[5d]">&gt;&gt;</a>&nbsp;&nbsp;&nbsp;vli_rshift1
<LI><a href="#[5a]">&gt;&gt;</a>&nbsp;&nbsp;&nbsp;vli_modSub
<LI><a href="#[57]">&gt;&gt;</a>&nbsp;&nbsp;&nbsp;vli_modSquare_fast
<LI><a href="#[58]">&gt;&gt;</a>&nbsp;&nbsp;&nbsp;vli_modMult_fast
<LI><a href="#[59]">&gt;&gt;</a>&nbsp;&nbsp;&nbsp;vli_modAdd
<LI><a href="#[56]">&gt;&gt;</a>&nbsp;&nbsp;&nbsp;vli_isZero
<LI><a href="#[5c]">&gt;&gt;</a>&nbsp;&nbsp;&nbsp;vli_add
</UL>
<BR>[Called By]<UL><LI><a href="#[146]">&gt;&gt;</a>&nbsp;&nbsp;&nbsp;ecdsa_verify
<LI><a href="#[61]">&gt;&gt;</a>&nbsp;&nbsp;&nbsp;XYcZ_initial_double
</UL>

<P><STRONG><a name="[5f]"></a>EccPoint_isZero</STRONG> (Thumb, 30 bytes, Stack size 8 bytes, ecc.o(i.EccPoint_isZero))
<BR><BR>[Stack]<UL><LI>Max Depth = 8<LI>Call Chain = EccPoint_isZero
</UL>
<BR>[Calls]<UL><LI><a href="#[56]">&gt;&gt;</a>&nbsp;&nbsp;&nbsp;vli_isZero
</UL>
<BR>[Called By]<UL><LI><a href="#[13c]">&gt;&gt;</a>&nbsp;&nbsp;&nbsp;ecc_valid_public_key
</UL>

<P><STRONG><a name="[60]"></a>EccPoint_mult</STRONG> (Thumb, 386 bytes, Stack size 200 bytes, ecc.o(i.EccPoint_mult))
<BR><BR>[Stack]<UL><LI>Max Depth = 492<LI>Call Chain = EccPoint_mult &rArr; XYcZ_initial_double &rArr; EccPoint_double_jacobian &rArr; vli_modSquare_fast &rArr; vli_mmod_fast &rArr; vli_sub
</UL>
<BR>[Calls]<UL><LI><a href="#[5b]">&gt;&gt;</a>&nbsp;&nbsp;&nbsp;vli_testBit
<LI><a href="#[5e]">&gt;&gt;</a>&nbsp;&nbsp;&nbsp;vli_set
<LI><a href="#[62]">&gt;&gt;</a>&nbsp;&nbsp;&nbsp;vli_numBits
<LI><a href="#[5a]">&gt;&gt;</a>&nbsp;&nbsp;&nbsp;vli_modSub
<LI><a href="#[58]">&gt;&gt;</a>&nbsp;&nbsp;&nbsp;vli_modMult_fast
<LI><a href="#[65]">&gt;&gt;</a>&nbsp;&nbsp;&nbsp;vli_modInv
<LI><a href="#[66]">&gt;&gt;</a>&nbsp;&nbsp;&nbsp;apply_z
<LI><a href="#[61]">&gt;&gt;</a>&nbsp;&nbsp;&nbsp;XYcZ_initial_double
<LI><a href="#[63]">&gt;&gt;</a>&nbsp;&nbsp;&nbsp;XYcZ_addC
<LI><a href="#[64]">&gt;&gt;</a>&nbsp;&nbsp;&nbsp;XYcZ_add
</UL>
<BR>[Called By]<UL><LI><a href="#[13b]">&gt;&gt;</a>&nbsp;&nbsp;&nbsp;ecc_make_key
</UL>

<P><STRONG><a name="[64]"></a>XYcZ_add</STRONG> (Thumb, 164 bytes, Stack size 56 bytes, ecc.o(i.XYcZ_add))
<BR><BR>[Stack]<UL><LI>Max Depth = 204<LI>Call Chain = XYcZ_add &rArr; vli_modSquare_fast &rArr; vli_mmod_fast &rArr; vli_sub
</UL>
<BR>[Calls]<UL><LI><a href="#[5e]">&gt;&gt;</a>&nbsp;&nbsp;&nbsp;vli_set
<LI><a href="#[5a]">&gt;&gt;</a>&nbsp;&nbsp;&nbsp;vli_modSub
<LI><a href="#[57]">&gt;&gt;</a>&nbsp;&nbsp;&nbsp;vli_modSquare_fast
<LI><a href="#[58]">&gt;&gt;</a>&nbsp;&nbsp;&nbsp;vli_modMult_fast
</UL>
<BR>[Called By]<UL><LI><a href="#[146]">&gt;&gt;</a>&nbsp;&nbsp;&nbsp;ecdsa_verify
<LI><a href="#[60]">&gt;&gt;</a>&nbsp;&nbsp;&nbsp;EccPoint_mult
</UL>

<P><STRONG><a name="[63]"></a>XYcZ_addC</STRONG> (Thumb, 230 bytes, Stack size 120 bytes, ecc.o(i.XYcZ_addC))
<BR><BR>[Stack]<UL><LI>Max Depth = 268<LI>Call Chain = XYcZ_addC &rArr; vli_modSquare_fast &rArr; vli_mmod_fast &rArr; vli_sub
</UL>
<BR>[Calls]<UL><LI><a href="#[5e]">&gt;&gt;</a>&nbsp;&nbsp;&nbsp;vli_set
<LI><a href="#[5a]">&gt;&gt;</a>&nbsp;&nbsp;&nbsp;vli_modSub
<LI><a href="#[57]">&gt;&gt;</a>&nbsp;&nbsp;&nbsp;vli_modSquare_fast
<LI><a href="#[58]">&gt;&gt;</a>&nbsp;&nbsp;&nbsp;vli_modMult_fast
<LI><a href="#[59]">&gt;&gt;</a>&nbsp;&nbsp;&nbsp;vli_modAdd
</UL>
<BR>[Called By]<UL><LI><a href="#[60]">&gt;&gt;</a>&nbsp;&nbsp;&nbsp;EccPoint_mult
</UL>

<P><STRONG><a name="[61]"></a>XYcZ_initial_double</STRONG> (Thumb, 90 bytes, Stack size 56 bytes, ecc.o(i.XYcZ_initial_double))
<BR><BR>[Stack]<UL><LI>Max Depth = 292<LI>Call Chain = XYcZ_initial_double &rArr; EccPoint_double_jacobian &rArr; vli_modSquare_fast &rArr; vli_mmod_fast &rArr; vli_sub
</UL>
<BR>[Calls]<UL><LI><a href="#[5e]">&gt;&gt;</a>&nbsp;&nbsp;&nbsp;vli_set
<LI><a href="#[111]">&gt;&gt;</a>&nbsp;&nbsp;&nbsp;vli_clear
<LI><a href="#[66]">&gt;&gt;</a>&nbsp;&nbsp;&nbsp;apply_z
<LI><a href="#[55]">&gt;&gt;</a>&nbsp;&nbsp;&nbsp;EccPoint_double_jacobian
</UL>
<BR>[Called By]<UL><LI><a href="#[60]">&gt;&gt;</a>&nbsp;&nbsp;&nbsp;EccPoint_mult
</UL>

<P><STRONG><a name="[66]"></a>apply_z</STRONG> (Thumb, 52 bytes, Stack size 48 bytes, ecc.o(i.apply_z))
<BR><BR>[Stack]<UL><LI>Max Depth = 196<LI>Call Chain = apply_z &rArr; vli_modSquare_fast &rArr; vli_mmod_fast &rArr; vli_sub
</UL>
<BR>[Calls]<UL><LI><a href="#[57]">&gt;&gt;</a>&nbsp;&nbsp;&nbsp;vli_modSquare_fast
<LI><a href="#[58]">&gt;&gt;</a>&nbsp;&nbsp;&nbsp;vli_modMult_fast
</UL>
<BR>[Called By]<UL><LI><a href="#[146]">&gt;&gt;</a>&nbsp;&nbsp;&nbsp;ecdsa_verify
<LI><a href="#[61]">&gt;&gt;</a>&nbsp;&nbsp;&nbsp;XYcZ_initial_double
<LI><a href="#[60]">&gt;&gt;</a>&nbsp;&nbsp;&nbsp;EccPoint_mult
</UL>

<P><STRONG><a name="[5c]"></a>vli_add</STRONG> (Thumb, 54 bytes, Stack size 20 bytes, ecc.o(i.vli_add))
<BR><BR>[Stack]<UL><LI>Max Depth = 20<LI>Call Chain = vli_add
</UL>
<BR>[Called By]<UL><LI><a href="#[5a]">&gt;&gt;</a>&nbsp;&nbsp;&nbsp;vli_modSub
<LI><a href="#[65]">&gt;&gt;</a>&nbsp;&nbsp;&nbsp;vli_modInv
<LI><a href="#[59]">&gt;&gt;</a>&nbsp;&nbsp;&nbsp;vli_modAdd
<LI><a href="#[174]">&gt;&gt;</a>&nbsp;&nbsp;&nbsp;vli_mmod_fast
<LI><a href="#[55]">&gt;&gt;</a>&nbsp;&nbsp;&nbsp;EccPoint_double_jacobian
</UL>

<P><STRONG><a name="[111]"></a>vli_clear</STRONG> (Thumb, 18 bytes, Stack size 0 bytes, ecc.o(i.vli_clear))
<BR><BR>[Called By]<UL><LI><a href="#[146]">&gt;&gt;</a>&nbsp;&nbsp;&nbsp;ecdsa_verify
<LI><a href="#[147]">&gt;&gt;</a>&nbsp;&nbsp;&nbsp;vli_modMult
<LI><a href="#[65]">&gt;&gt;</a>&nbsp;&nbsp;&nbsp;vli_modInv
<LI><a href="#[61]">&gt;&gt;</a>&nbsp;&nbsp;&nbsp;XYcZ_initial_double
</UL>

<P><STRONG><a name="[144]"></a>vli_cmp</STRONG> (Thumb, 46 bytes, Stack size 8 bytes, ecc.o(i.vli_cmp))
<BR><BR>[Stack]<UL><LI>Max Depth = 8<LI>Call Chain = vli_cmp
</UL>
<BR>[Called By]<UL><LI><a href="#[146]">&gt;&gt;</a>&nbsp;&nbsp;&nbsp;ecdsa_verify
<LI><a href="#[13c]">&gt;&gt;</a>&nbsp;&nbsp;&nbsp;ecc_valid_public_key
<LI><a href="#[13b]">&gt;&gt;</a>&nbsp;&nbsp;&nbsp;ecc_make_key
<LI><a href="#[147]">&gt;&gt;</a>&nbsp;&nbsp;&nbsp;vli_modMult
<LI><a href="#[65]">&gt;&gt;</a>&nbsp;&nbsp;&nbsp;vli_modInv
<LI><a href="#[59]">&gt;&gt;</a>&nbsp;&nbsp;&nbsp;vli_modAdd
<LI><a href="#[174]">&gt;&gt;</a>&nbsp;&nbsp;&nbsp;vli_mmod_fast
</UL>

<P><STRONG><a name="[56]"></a>vli_isZero</STRONG> (Thumb, 24 bytes, Stack size 0 bytes, ecc.o(i.vli_isZero))
<BR><BR>[Called By]<UL><LI><a href="#[146]">&gt;&gt;</a>&nbsp;&nbsp;&nbsp;ecdsa_verify
<LI><a href="#[13b]">&gt;&gt;</a>&nbsp;&nbsp;&nbsp;ecc_make_key
<LI><a href="#[5f]">&gt;&gt;</a>&nbsp;&nbsp;&nbsp;EccPoint_isZero
<LI><a href="#[55]">&gt;&gt;</a>&nbsp;&nbsp;&nbsp;EccPoint_double_jacobian
</UL>

<P><STRONG><a name="[175]"></a>vli_lshift</STRONG> (Thumb, 38 bytes, Stack size 16 bytes, ecc.o(i.vli_lshift))
<BR><BR>[Stack]<UL><LI>Max Depth = 16<LI>Call Chain = vli_lshift
</UL>
<BR>[Called By]<UL><LI><a href="#[147]">&gt;&gt;</a>&nbsp;&nbsp;&nbsp;vli_modMult
<LI><a href="#[174]">&gt;&gt;</a>&nbsp;&nbsp;&nbsp;vli_mmod_fast
</UL>

<P><STRONG><a name="[174]"></a>vli_mmod_fast</STRONG> (Thumb, 1562 bytes, Stack size 48 bytes, ecc.o(i.vli_mmod_fast))
<BR><BR>[Stack]<UL><LI>Max Depth = 68<LI>Call Chain = vli_mmod_fast &rArr; vli_sub
</UL>
<BR>[Calls]<UL><LI><a href="#[145]">&gt;&gt;</a>&nbsp;&nbsp;&nbsp;vli_sub
<LI><a href="#[5e]">&gt;&gt;</a>&nbsp;&nbsp;&nbsp;vli_set
<LI><a href="#[175]">&gt;&gt;</a>&nbsp;&nbsp;&nbsp;vli_lshift
<LI><a href="#[144]">&gt;&gt;</a>&nbsp;&nbsp;&nbsp;vli_cmp
<LI><a href="#[5c]">&gt;&gt;</a>&nbsp;&nbsp;&nbsp;vli_add
</UL>
<BR>[Called By]<UL><LI><a href="#[57]">&gt;&gt;</a>&nbsp;&nbsp;&nbsp;vli_modSquare_fast
<LI><a href="#[58]">&gt;&gt;</a>&nbsp;&nbsp;&nbsp;vli_modMult_fast
</UL>

<P><STRONG><a name="[59]"></a>vli_modAdd</STRONG> (Thumb, 56 bytes, Stack size 24 bytes, ecc.o(i.vli_modAdd))
<BR><BR>[Stack]<UL><LI>Max Depth = 44<LI>Call Chain = vli_modAdd &rArr; vli_sub
</UL>
<BR>[Calls]<UL><LI><a href="#[145]">&gt;&gt;</a>&nbsp;&nbsp;&nbsp;vli_sub
<LI><a href="#[144]">&gt;&gt;</a>&nbsp;&nbsp;&nbsp;vli_cmp
<LI><a href="#[5c]">&gt;&gt;</a>&nbsp;&nbsp;&nbsp;vli_add
</UL>
<BR>[Called By]<UL><LI><a href="#[13c]">&gt;&gt;</a>&nbsp;&nbsp;&nbsp;ecc_valid_public_key
<LI><a href="#[63]">&gt;&gt;</a>&nbsp;&nbsp;&nbsp;XYcZ_addC
<LI><a href="#[55]">&gt;&gt;</a>&nbsp;&nbsp;&nbsp;EccPoint_double_jacobian
</UL>

<P><STRONG><a name="[65]"></a>vli_modInv</STRONG> (Thumb, 388 bytes, Stack size 152 bytes, ecc.o(i.vli_modInv))
<BR><BR>[Stack]<UL><LI>Max Depth = 172<LI>Call Chain = vli_modInv &rArr; vli_sub
</UL>
<BR>[Calls]<UL><LI><a href="#[145]">&gt;&gt;</a>&nbsp;&nbsp;&nbsp;vli_sub
<LI><a href="#[5e]">&gt;&gt;</a>&nbsp;&nbsp;&nbsp;vli_set
<LI><a href="#[5d]">&gt;&gt;</a>&nbsp;&nbsp;&nbsp;vli_rshift1
<LI><a href="#[144]">&gt;&gt;</a>&nbsp;&nbsp;&nbsp;vli_cmp
<LI><a href="#[111]">&gt;&gt;</a>&nbsp;&nbsp;&nbsp;vli_clear
<LI><a href="#[5c]">&gt;&gt;</a>&nbsp;&nbsp;&nbsp;vli_add
</UL>
<BR>[Called By]<UL><LI><a href="#[146]">&gt;&gt;</a>&nbsp;&nbsp;&nbsp;ecdsa_verify
<LI><a href="#[60]">&gt;&gt;</a>&nbsp;&nbsp;&nbsp;EccPoint_mult
</UL>

<P><STRONG><a name="[147]"></a>vli_modMult</STRONG> (Thumb, 280 bytes, Stack size 184 bytes, ecc.o(i.vli_modMult))
<BR><BR>[Stack]<UL><LI>Max Depth = 212<LI>Call Chain = vli_modMult &rArr; vli_mult
</UL>
<BR>[Calls]<UL><LI><a href="#[145]">&gt;&gt;</a>&nbsp;&nbsp;&nbsp;vli_sub
<LI><a href="#[5e]">&gt;&gt;</a>&nbsp;&nbsp;&nbsp;vli_set
<LI><a href="#[5d]">&gt;&gt;</a>&nbsp;&nbsp;&nbsp;vli_rshift1
<LI><a href="#[62]">&gt;&gt;</a>&nbsp;&nbsp;&nbsp;vli_numBits
<LI><a href="#[176]">&gt;&gt;</a>&nbsp;&nbsp;&nbsp;vli_mult
<LI><a href="#[175]">&gt;&gt;</a>&nbsp;&nbsp;&nbsp;vli_lshift
<LI><a href="#[144]">&gt;&gt;</a>&nbsp;&nbsp;&nbsp;vli_cmp
<LI><a href="#[111]">&gt;&gt;</a>&nbsp;&nbsp;&nbsp;vli_clear
</UL>
<BR>[Called By]<UL><LI><a href="#[146]">&gt;&gt;</a>&nbsp;&nbsp;&nbsp;ecdsa_verify
</UL>

<P><STRONG><a name="[58]"></a>vli_modMult_fast</STRONG> (Thumb, 32 bytes, Stack size 80 bytes, ecc.o(i.vli_modMult_fast))
<BR><BR>[Stack]<UL><LI>Max Depth = 148<LI>Call Chain = vli_modMult_fast &rArr; vli_mmod_fast &rArr; vli_sub
</UL>
<BR>[Calls]<UL><LI><a href="#[176]">&gt;&gt;</a>&nbsp;&nbsp;&nbsp;vli_mult
<LI><a href="#[174]">&gt;&gt;</a>&nbsp;&nbsp;&nbsp;vli_mmod_fast
</UL>
<BR>[Called By]<UL><LI><a href="#[146]">&gt;&gt;</a>&nbsp;&nbsp;&nbsp;ecdsa_verify
<LI><a href="#[13c]">&gt;&gt;</a>&nbsp;&nbsp;&nbsp;ecc_valid_public_key
<LI><a href="#[66]">&gt;&gt;</a>&nbsp;&nbsp;&nbsp;apply_z
<LI><a href="#[63]">&gt;&gt;</a>&nbsp;&nbsp;&nbsp;XYcZ_addC
<LI><a href="#[64]">&gt;&gt;</a>&nbsp;&nbsp;&nbsp;XYcZ_add
<LI><a href="#[60]">&gt;&gt;</a>&nbsp;&nbsp;&nbsp;EccPoint_mult
<LI><a href="#[55]">&gt;&gt;</a>&nbsp;&nbsp;&nbsp;EccPoint_double_jacobian
</UL>

<P><STRONG><a name="[57]"></a>vli_modSquare_fast</STRONG> (Thumb, 28 bytes, Stack size 80 bytes, ecc.o(i.vli_modSquare_fast))
<BR><BR>[Stack]<UL><LI>Max Depth = 148<LI>Call Chain = vli_modSquare_fast &rArr; vli_mmod_fast &rArr; vli_sub
</UL>
<BR>[Calls]<UL><LI><a href="#[177]">&gt;&gt;</a>&nbsp;&nbsp;&nbsp;vli_square
<LI><a href="#[174]">&gt;&gt;</a>&nbsp;&nbsp;&nbsp;vli_mmod_fast
</UL>
<BR>[Called By]<UL><LI><a href="#[13c]">&gt;&gt;</a>&nbsp;&nbsp;&nbsp;ecc_valid_public_key
<LI><a href="#[66]">&gt;&gt;</a>&nbsp;&nbsp;&nbsp;apply_z
<LI><a href="#[63]">&gt;&gt;</a>&nbsp;&nbsp;&nbsp;XYcZ_addC
<LI><a href="#[64]">&gt;&gt;</a>&nbsp;&nbsp;&nbsp;XYcZ_add
<LI><a href="#[55]">&gt;&gt;</a>&nbsp;&nbsp;&nbsp;EccPoint_double_jacobian
</UL>

<P><STRONG><a name="[5a]"></a>vli_modSub</STRONG> (Thumb, 44 bytes, Stack size 24 bytes, ecc.o(i.vli_modSub))
<BR><BR>[Stack]<UL><LI>Max Depth = 44<LI>Call Chain = vli_modSub &rArr; vli_sub
</UL>
<BR>[Calls]<UL><LI><a href="#[145]">&gt;&gt;</a>&nbsp;&nbsp;&nbsp;vli_sub
<LI><a href="#[5c]">&gt;&gt;</a>&nbsp;&nbsp;&nbsp;vli_add
</UL>
<BR>[Called By]<UL><LI><a href="#[146]">&gt;&gt;</a>&nbsp;&nbsp;&nbsp;ecdsa_verify
<LI><a href="#[13c]">&gt;&gt;</a>&nbsp;&nbsp;&nbsp;ecc_valid_public_key
<LI><a href="#[63]">&gt;&gt;</a>&nbsp;&nbsp;&nbsp;XYcZ_addC
<LI><a href="#[64]">&gt;&gt;</a>&nbsp;&nbsp;&nbsp;XYcZ_add
<LI><a href="#[60]">&gt;&gt;</a>&nbsp;&nbsp;&nbsp;EccPoint_mult
<LI><a href="#[55]">&gt;&gt;</a>&nbsp;&nbsp;&nbsp;EccPoint_double_jacobian
</UL>

<P><STRONG><a name="[176]"></a>vli_mult</STRONG> (Thumb, 114 bytes, Stack size 28 bytes, ecc.o(i.vli_mult))
<BR><BR>[Stack]<UL><LI>Max Depth = 28<LI>Call Chain = vli_mult
</UL>
<BR>[Called By]<UL><LI><a href="#[58]">&gt;&gt;</a>&nbsp;&nbsp;&nbsp;vli_modMult_fast
<LI><a href="#[147]">&gt;&gt;</a>&nbsp;&nbsp;&nbsp;vli_modMult
</UL>

<P><STRONG><a name="[62]"></a>vli_numBits</STRONG> (Thumb, 46 bytes, Stack size 24 bytes, ecc.o(i.vli_numBits))
<BR><BR>[Stack]<UL><LI>Max Depth = 24<LI>Call Chain = vli_numBits
</UL>
<BR>[Calls]<UL><LI><a href="#[178]">&gt;&gt;</a>&nbsp;&nbsp;&nbsp;vli_numDigits
</UL>
<BR>[Called By]<UL><LI><a href="#[146]">&gt;&gt;</a>&nbsp;&nbsp;&nbsp;ecdsa_verify
<LI><a href="#[147]">&gt;&gt;</a>&nbsp;&nbsp;&nbsp;vli_modMult
<LI><a href="#[60]">&gt;&gt;</a>&nbsp;&nbsp;&nbsp;EccPoint_mult
</UL>

<P><STRONG><a name="[178]"></a>vli_numDigits</STRONG> (Thumb, 22 bytes, Stack size 0 bytes, ecc.o(i.vli_numDigits))
<BR><BR>[Called By]<UL><LI><a href="#[62]">&gt;&gt;</a>&nbsp;&nbsp;&nbsp;vli_numBits
</UL>

<P><STRONG><a name="[5d]"></a>vli_rshift1</STRONG> (Thumb, 34 bytes, Stack size 8 bytes, ecc.o(i.vli_rshift1))
<BR><BR>[Stack]<UL><LI>Max Depth = 8<LI>Call Chain = vli_rshift1
</UL>
<BR>[Called By]<UL><LI><a href="#[147]">&gt;&gt;</a>&nbsp;&nbsp;&nbsp;vli_modMult
<LI><a href="#[65]">&gt;&gt;</a>&nbsp;&nbsp;&nbsp;vli_modInv
<LI><a href="#[55]">&gt;&gt;</a>&nbsp;&nbsp;&nbsp;EccPoint_double_jacobian
</UL>

<P><STRONG><a name="[5e]"></a>vli_set</STRONG> (Thumb, 18 bytes, Stack size 0 bytes, ecc.o(i.vli_set))
<BR><BR>[Called By]<UL><LI><a href="#[146]">&gt;&gt;</a>&nbsp;&nbsp;&nbsp;ecdsa_verify
<LI><a href="#[13b]">&gt;&gt;</a>&nbsp;&nbsp;&nbsp;ecc_make_key
<LI><a href="#[147]">&gt;&gt;</a>&nbsp;&nbsp;&nbsp;vli_modMult
<LI><a href="#[65]">&gt;&gt;</a>&nbsp;&nbsp;&nbsp;vli_modInv
<LI><a href="#[174]">&gt;&gt;</a>&nbsp;&nbsp;&nbsp;vli_mmod_fast
<LI><a href="#[61]">&gt;&gt;</a>&nbsp;&nbsp;&nbsp;XYcZ_initial_double
<LI><a href="#[63]">&gt;&gt;</a>&nbsp;&nbsp;&nbsp;XYcZ_addC
<LI><a href="#[64]">&gt;&gt;</a>&nbsp;&nbsp;&nbsp;XYcZ_add
<LI><a href="#[60]">&gt;&gt;</a>&nbsp;&nbsp;&nbsp;EccPoint_mult
<LI><a href="#[55]">&gt;&gt;</a>&nbsp;&nbsp;&nbsp;EccPoint_double_jacobian
</UL>

<P><STRONG><a name="[177]"></a>vli_square</STRONG> (Thumb, 138 bytes, Stack size 24 bytes, ecc.o(i.vli_square))
<BR><BR>[Stack]<UL><LI>Max Depth = 24<LI>Call Chain = vli_square
</UL>
<BR>[Called By]<UL><LI><a href="#[57]">&gt;&gt;</a>&nbsp;&nbsp;&nbsp;vli_modSquare_fast
</UL>

<P><STRONG><a name="[145]"></a>vli_sub</STRONG> (Thumb, 54 bytes, Stack size 20 bytes, ecc.o(i.vli_sub))
<BR><BR>[Stack]<UL><LI>Max Depth = 20<LI>Call Chain = vli_sub
</UL>
<BR>[Called By]<UL><LI><a href="#[146]">&gt;&gt;</a>&nbsp;&nbsp;&nbsp;ecdsa_verify
<LI><a href="#[13b]">&gt;&gt;</a>&nbsp;&nbsp;&nbsp;ecc_make_key
<LI><a href="#[5a]">&gt;&gt;</a>&nbsp;&nbsp;&nbsp;vli_modSub
<LI><a href="#[147]">&gt;&gt;</a>&nbsp;&nbsp;&nbsp;vli_modMult
<LI><a href="#[65]">&gt;&gt;</a>&nbsp;&nbsp;&nbsp;vli_modInv
<LI><a href="#[59]">&gt;&gt;</a>&nbsp;&nbsp;&nbsp;vli_modAdd
<LI><a href="#[174]">&gt;&gt;</a>&nbsp;&nbsp;&nbsp;vli_mmod_fast
</UL>

<P><STRONG><a name="[5b]"></a>vli_testBit</STRONG> (Thumb, 22 bytes, Stack size 8 bytes, ecc.o(i.vli_testBit))
<BR><BR>[Stack]<UL><LI>Max Depth = 8<LI>Call Chain = vli_testBit
</UL>
<BR>[Called By]<UL><LI><a href="#[146]">&gt;&gt;</a>&nbsp;&nbsp;&nbsp;ecdsa_verify
<LI><a href="#[60]">&gt;&gt;</a>&nbsp;&nbsp;&nbsp;EccPoint_mult
<LI><a href="#[55]">&gt;&gt;</a>&nbsp;&nbsp;&nbsp;EccPoint_double_jacobian
</UL>

<P><STRONG><a name="[11b]"></a>LOAD32</STRONG> (Thumb, 20 bytes, Stack size 0 bytes, aes_1.o(i.LOAD32))
<BR><BR>[Called By]<UL><LI><a href="#[11a]">&gt;&gt;</a>&nbsp;&nbsp;&nbsp;aes_block_enc
</UL>

<P><STRONG><a name="[11c]"></a>STORE32</STRONG> (Thumb, 22 bytes, Stack size 12 bytes, aes_1.o(i.STORE32))
<BR><BR>[Stack]<UL><LI>Max Depth = 12<LI>Call Chain = STORE32
</UL>
<BR>[Called By]<UL><LI><a href="#[11a]">&gt;&gt;</a>&nbsp;&nbsp;&nbsp;aes_block_enc
</UL>

<P><STRONG><a name="[115]"></a>_fp_digits</STRONG> (Thumb, 366 bytes, Stack size 64 bytes, printfa.o(i._fp_digits), UNUSED)
<BR><BR>[Calls]<UL><LI><a href="#[2a]">&gt;&gt;</a>&nbsp;&nbsp;&nbsp;__aeabi_ddiv
<LI><a href="#[2e]">&gt;&gt;</a>&nbsp;&nbsp;&nbsp;__aeabi_d2ulz
<LI><a href="#[36]">&gt;&gt;</a>&nbsp;&nbsp;&nbsp;__aeabi_dmul
<LI><a href="#[32]">&gt;&gt;</a>&nbsp;&nbsp;&nbsp;__aeabi_dadd
<LI><a href="#[116]">&gt;&gt;</a>&nbsp;&nbsp;&nbsp;__aeabi_cdrcmple
<LI><a href="#[20]">&gt;&gt;</a>&nbsp;&nbsp;&nbsp;__aeabi_uldivmod
</UL>
<BR>[Called By]<UL><LI><a href="#[113]">&gt;&gt;</a>&nbsp;&nbsp;&nbsp;_printf_core
</UL>

<P><STRONG><a name="[113]"></a>_printf_core</STRONG> (Thumb, 1744 bytes, Stack size 136 bytes, printfa.o(i._printf_core), UNUSED)
<BR><BR>[Calls]<UL><LI><a href="#[119]">&gt;&gt;</a>&nbsp;&nbsp;&nbsp;__aeabi_uidivmod
<LI><a href="#[117]">&gt;&gt;</a>&nbsp;&nbsp;&nbsp;_printf_pre_padding
<LI><a href="#[118]">&gt;&gt;</a>&nbsp;&nbsp;&nbsp;_printf_post_padding
<LI><a href="#[115]">&gt;&gt;</a>&nbsp;&nbsp;&nbsp;_fp_digits
<LI><a href="#[20]">&gt;&gt;</a>&nbsp;&nbsp;&nbsp;__aeabi_uldivmod
</UL>
<BR>[Called By]<UL><LI><a href="#[114]">&gt;&gt;</a>&nbsp;&nbsp;&nbsp;__0sprintf
<LI><a href="#[112]">&gt;&gt;</a>&nbsp;&nbsp;&nbsp;__0printf
</UL>

<P><STRONG><a name="[118]"></a>_printf_post_padding</STRONG> (Thumb, 36 bytes, Stack size 24 bytes, printfa.o(i._printf_post_padding), UNUSED)
<BR><BR>[Called By]<UL><LI><a href="#[113]">&gt;&gt;</a>&nbsp;&nbsp;&nbsp;_printf_core
</UL>

<P><STRONG><a name="[117]"></a>_printf_pre_padding</STRONG> (Thumb, 46 bytes, Stack size 24 bytes, printfa.o(i._printf_pre_padding), UNUSED)
<BR><BR>[Called By]<UL><LI><a href="#[113]">&gt;&gt;</a>&nbsp;&nbsp;&nbsp;_printf_core
</UL>

<P><STRONG><a name="[10]"></a>_sputc</STRONG> (Thumb, 10 bytes, Stack size 0 bytes, printfa.o(i._sputc))
<BR><BR>[Called By]<UL><LI><a href="#[114]">&gt;&gt;</a>&nbsp;&nbsp;&nbsp;__0sprintf
</UL>
<BR>[Address Reference Count : 1]<UL><LI> printfa.o(i.__0sprintf)
</UL>
<P><STRONG><a name="[a]"></a>_scanf_char_input</STRONG> (Thumb, 12 bytes, Stack size 0 bytes, scanf_char.o(.text))
<BR>[Address Reference Count : 1]<UL><LI> scanf_char.o(.text)
</UL><P>
<H3>
Undefined Global Symbols
</H3><HR></body></html>
